Archive member included to satisfy reference by file (symbol)

/Applications/STM32CubeIDE.app/Contents/Eclipse/plugins/com.st.stm32cube.ide.mcu.externaltools.gnu-tools-for-stm32.12.3.rel1.macos64_1.0.200.202406191456/tools/bin/../lib/gcc/arm-none-eabi/12.3.1/../../../../arm-none-eabi/lib/thumb/v8-m.main+fp/hard/libc_nano.a(libc_a-exit.o)
                              /Applications/STM32CubeIDE.app/Contents/Eclipse/plugins/com.st.stm32cube.ide.mcu.externaltools.gnu-tools-for-stm32.12.3.rel1.macos64_1.0.200.202406191456/tools/bin/../lib/gcc/arm-none-eabi/12.3.1/../../../../arm-none-eabi/lib/thumb/v8-m.main+fp/hard/crt0.o (exit)
/Applications/STM32CubeIDE.app/Contents/Eclipse/plugins/com.st.stm32cube.ide.mcu.externaltools.gnu-tools-for-stm32.12.3.rel1.macos64_1.0.200.202406191456/tools/bin/../lib/gcc/arm-none-eabi/12.3.1/../../../../arm-none-eabi/lib/thumb/v8-m.main+fp/hard/libc_nano.a(libc_a-findfp.o)
                              /Applications/STM32CubeIDE.app/Contents/Eclipse/plugins/com.st.stm32cube.ide.mcu.externaltools.gnu-tools-for-stm32.12.3.rel1.macos64_1.0.200.202406191456/tools/bin/../lib/gcc/arm-none-eabi/12.3.1/../../../../arm-none-eabi/lib/thumb/v8-m.main+fp/hard/libc_nano.a(libc_a-exit.o) (__stdio_exit_handler)
/Applications/STM32CubeIDE.app/Contents/Eclipse/plugins/com.st.stm32cube.ide.mcu.externaltools.gnu-tools-for-stm32.12.3.rel1.macos64_1.0.200.202406191456/tools/bin/../lib/gcc/arm-none-eabi/12.3.1/../../../../arm-none-eabi/lib/thumb/v8-m.main+fp/hard/libc_nano.a(libc_a-fwalk.o)
                              /Applications/STM32CubeIDE.app/Contents/Eclipse/plugins/com.st.stm32cube.ide.mcu.externaltools.gnu-tools-for-stm32.12.3.rel1.macos64_1.0.200.202406191456/tools/bin/../lib/gcc/arm-none-eabi/12.3.1/../../../../arm-none-eabi/lib/thumb/v8-m.main+fp/hard/libc_nano.a(libc_a-findfp.o) (_fwalk_sglue)
/Applications/STM32CubeIDE.app/Contents/Eclipse/plugins/com.st.stm32cube.ide.mcu.externaltools.gnu-tools-for-stm32.12.3.rel1.macos64_1.0.200.202406191456/tools/bin/../lib/gcc/arm-none-eabi/12.3.1/../../../../arm-none-eabi/lib/thumb/v8-m.main+fp/hard/libc_nano.a(libc_a-memset.o)
                              /Applications/STM32CubeIDE.app/Contents/Eclipse/plugins/com.st.stm32cube.ide.mcu.externaltools.gnu-tools-for-stm32.12.3.rel1.macos64_1.0.200.202406191456/tools/bin/../lib/gcc/arm-none-eabi/12.3.1/../../../../arm-none-eabi/lib/thumb/v8-m.main+fp/hard/crt0.o (memset)
/Applications/STM32CubeIDE.app/Contents/Eclipse/plugins/com.st.stm32cube.ide.mcu.externaltools.gnu-tools-for-stm32.12.3.rel1.macos64_1.0.200.202406191456/tools/bin/../lib/gcc/arm-none-eabi/12.3.1/../../../../arm-none-eabi/lib/thumb/v8-m.main+fp/hard/libc_nano.a(libc_a-impure.o)
                              /Applications/STM32CubeIDE.app/Contents/Eclipse/plugins/com.st.stm32cube.ide.mcu.externaltools.gnu-tools-for-stm32.12.3.rel1.macos64_1.0.200.202406191456/tools/bin/../lib/gcc/arm-none-eabi/12.3.1/../../../../arm-none-eabi/lib/thumb/v8-m.main+fp/hard/libc_nano.a(libc_a-findfp.o) (_impure_data)
/Applications/STM32CubeIDE.app/Contents/Eclipse/plugins/com.st.stm32cube.ide.mcu.externaltools.gnu-tools-for-stm32.12.3.rel1.macos64_1.0.200.202406191456/tools/bin/../lib/gcc/arm-none-eabi/12.3.1/../../../../arm-none-eabi/lib/thumb/v8-m.main+fp/hard/libc_nano.a(libc_a-errno.o)
                              ./Core/Src/syscalls.o (__errno)
/Applications/STM32CubeIDE.app/Contents/Eclipse/plugins/com.st.stm32cube.ide.mcu.externaltools.gnu-tools-for-stm32.12.3.rel1.macos64_1.0.200.202406191456/tools/bin/../lib/gcc/arm-none-eabi/12.3.1/../../../../arm-none-eabi/lib/thumb/v8-m.main+fp/hard/libc_nano.a(libc_a-init.o)
                              /Applications/STM32CubeIDE.app/Contents/Eclipse/plugins/com.st.stm32cube.ide.mcu.externaltools.gnu-tools-for-stm32.12.3.rel1.macos64_1.0.200.202406191456/tools/bin/../lib/gcc/arm-none-eabi/12.3.1/../../../../arm-none-eabi/lib/thumb/v8-m.main+fp/hard/crt0.o (__libc_init_array)
/Applications/STM32CubeIDE.app/Contents/Eclipse/plugins/com.st.stm32cube.ide.mcu.externaltools.gnu-tools-for-stm32.12.3.rel1.macos64_1.0.200.202406191456/tools/bin/../lib/gcc/arm-none-eabi/12.3.1/../../../../arm-none-eabi/lib/thumb/v8-m.main+fp/hard/libc_nano.a(libc_a-lock.o)
                              /Applications/STM32CubeIDE.app/Contents/Eclipse/plugins/com.st.stm32cube.ide.mcu.externaltools.gnu-tools-for-stm32.12.3.rel1.macos64_1.0.200.202406191456/tools/bin/../lib/gcc/arm-none-eabi/12.3.1/../../../../arm-none-eabi/lib/thumb/v8-m.main+fp/hard/libc_nano.a(libc_a-findfp.o) (__retarget_lock_init_recursive)
/Applications/STM32CubeIDE.app/Contents/Eclipse/plugins/com.st.stm32cube.ide.mcu.externaltools.gnu-tools-for-stm32.12.3.rel1.macos64_1.0.200.202406191456/tools/bin/../lib/gcc/arm-none-eabi/12.3.1/../../../../arm-none-eabi/lib/thumb/v8-m.main+fp/hard/libc_nano.a(libc_a-mallocr.o)
[...]
Memory Configuration

Name             Origin             Length             Attributes
RAM              0x20000000         0x000c0000         xrw
SRAM4            0x28000000         0x00004000         xrw
FLASH            0x08000000         0x00200000         xr
*default*        0x00000000         0xffffffff

Linker script and memory map

LOAD /Applications/STM32CubeIDE.app/Contents/Eclipse/plugins/com.st.stm32cube.ide.mcu.externaltools.gnu-tools-for-stm32.12.3.rel1.macos64_1.0.200.202406191456/tools/bin/../lib/gcc/arm-none-eabi/12.3.1/thumb/v8-m.main+fp/hard/crti.o
LOAD /Applications/STM32CubeIDE.app/Contents/Eclipse/plugins/com.st.stm32cube.ide.mcu.externaltools.gnu-tools-for-stm32.12.3.rel1.macos64_1.0.200.202406191456/tools/bin/../lib/gcc/arm-none-eabi/12.3.1/thumb/v8-m.main+fp/hard/crtbegin.o
LOAD /Applications/STM32CubeIDE.app/Contents/Eclipse/plugins/com.st.stm32cube.ide.mcu.externaltools.gnu-tools-for-stm32.12.3.rel1.macos64_1.0.200.202406191456/tools/bin/../lib/gcc/arm-none-eabi/12.3.1/../../../../arm-none-eabi/lib/thumb/v8-m.main+fp/hard/crt0.o
LOAD ./Core/Src/adc.o
LOAD ./Core/Src/gpdma.o
LOAD ./Core/Src/gpio.o
LOAD ./Core/Src/i2c.o
LOAD ./Core/Src/icache.o
LOAD ./Core/Src/iwdg.o
LOAD ./Core/Src/main.o
LOAD ./Core/Src/rtc.o
LOAD ./Core/Src/spi.o
LOAD ./Core/Src/stm32u5xx_hal_msp.o
LOAD ./Core/Src/stm32u5xx_hal_timebase_tim.o
LOAD ./Core/Src/stm32u5xx_it.o
LOAD ./Core/Src/syscalls.o
LOAD ./Core/Src/sysmem.o
LOAD ./Core/Src/system_stm32u5xx.o
LOAD ./Core/Src/usart.o
LOAD ./Core/Src/usb_otg.o
LOAD ./Core/Startup/startup_stm32u575citxq.o
LOAD ./Drivers/STM32U5xx_HAL_Driver/Src/stm32u5xx_hal.o
LOAD ./Drivers/STM32U5xx_HAL_Driver/Src/stm32u5xx_hal_adc.o
LOAD ./Drivers/STM32U5xx_HAL_Driver/Src/stm32u5xx_hal_adc_ex.o
LOAD ./Drivers/STM32U5xx_HAL_Driver/Src/stm32u5xx_hal_cortex.o
LOAD ./Drivers/STM32U5xx_HAL_Driver/Src/stm32u5xx_hal_dma.o
LOAD ./Drivers/STM32U5xx_HAL_Driver/Src/stm32u5xx_hal_dma_ex.o
LOAD ./Drivers/STM32U5xx_HAL_Driver/Src/stm32u5xx_hal_exti.o
LOAD ./Drivers/STM32U5xx_HAL_Driver/Src/stm32u5xx_hal_flash.o
LOAD ./Drivers/STM32U5xx_HAL_Driver/Src/stm32u5xx_hal_flash_ex.o
LOAD ./Drivers/STM32U5xx_HAL_Driver/Src/stm32u5xx_hal_gpio.o
LOAD ./Drivers/STM32U5xx_HAL_Driver/Src/stm32u5xx_hal_gtzc.o
LOAD ./Drivers/STM32U5xx_HAL_Driver/Src/stm32u5xx_hal_i2c.o
LOAD ./Drivers/STM32U5xx_HAL_Driver/Src/stm32u5xx_hal_i2c_ex.o
LOAD ./Drivers/STM32U5xx_HAL_Driver/Src/stm32u5xx_hal_icache.o
LOAD ./Drivers/STM32U5xx_HAL_Driver/Src/stm32u5xx_hal_pcd.o
LOAD ./Drivers/STM32U5xx_HAL_Driver/Src/stm32u5xx_hal_pcd_ex.o
LOAD ./Drivers/STM32U5xx_HAL_Driver/Src/stm32u5xx_hal_pwr.o
LOAD ./Drivers/STM32U5xx_HAL_Driver/Src/stm32u5xx_hal_pwr_ex.o
LOAD ./Drivers/STM32U5xx_HAL_Driver/Src/stm32u5xx_hal_rcc.o
LOAD ./Drivers/STM32U5xx_HAL_Driver/Src/stm32u5xx_hal_rcc_ex.o
LOAD ./Drivers/STM32U5xx_HAL_Driver/Src/stm32u5xx_hal_spi.o
LOAD ./Drivers/STM32U5xx_HAL_Driver/Src/stm32u5xx_hal_spi_ex.o
LOAD ./Drivers/STM32U5xx_HAL_Driver/Src/stm32u5xx_hal_tim.o
LOAD ./Drivers/STM32U5xx_HAL_Driver/Src/stm32u5xx_hal_tim_ex.o
LOAD ./Drivers/STM32U5xx_HAL_Driver/Src/stm32u5xx_ll_dma.o
LOAD ./Drivers/STM32U5xx_HAL_Driver/Src/stm32u5xx_ll_exti.o
LOAD ./Drivers/STM32U5xx_HAL_Driver/Src/stm32u5xx_ll_gpio.o
LOAD ./Drivers/STM32U5xx_HAL_Driver/Src/stm32u5xx_ll_lpgpio.o
LOAD ./Drivers/STM32U5xx_HAL_Driver/Src/stm32u5xx_ll_lpuart.o
LOAD ./Drivers/STM32U5xx_HAL_Driver/Src/stm32u5xx_ll_rcc.o
LOAD ./Drivers/STM32U5xx_HAL_Driver/Src/stm32u5xx_ll_rtc.o
LOAD ./Drivers/STM32U5xx_HAL_Driver/Src/stm32u5xx_ll_usart.o
LOAD ./Drivers/STM32U5xx_HAL_Driver/Src/stm32u5xx_ll_usb.o
LOAD ./Drivers/STM32U5xx_HAL_Driver/Src/stm32u5xx_ll_utils.o
START GROUP
LOAD /Applications/STM32CubeIDE.app/Contents/Eclipse/plugins/com.st.stm32cube.ide.mcu.externaltools.gnu-tools-for-stm32.12.3.rel1.macos64_1.0.200.202406191456/tools/bin/../lib/gcc/arm-none-eabi/12.3.1/../../../../arm-none-eabi/lib/thumb/v8-m.main+fp/hard/libc_nano.a
LOAD /Applications/STM32CubeIDE.app/Contents/Eclipse/plugins/com.st.stm32cube.ide.mcu.externaltools.gnu-tools-for-stm32.12.3.rel1.macos64_1.0.200.202406191456/tools/bin/../lib/gcc/arm-none-eabi/12.3.1/../../../../arm-none-eabi/lib/thumb/v8-m.main+fp/hard/libm.a
END GROUP
START GROUP
LOAD /Applications/STM32CubeIDE.app/Contents/Eclipse/plugins/com.st.stm32cube.ide.mcu.externaltools.gnu-tools-for-stm32.12.3.rel1.macos64_1.0.200.202406191456/tools/bin/../lib/gcc/arm-none-eabi/12.3.1/thumb/v8-m.main+fp/hard/libgcc.a
LOAD /Applications/STM32CubeIDE.app/Contents/Eclipse/plugins/com.st.stm32cube.ide.mcu.externaltools.gnu-tools-for-stm32.12.3.rel1.macos64_1.0.200.202406191456/tools/bin/../lib/gcc/arm-none-eabi/12.3.1/../../../../arm-none-eabi/lib/thumb/v8-m.main+fp/hard/libc_nano.a
END GROUP
START GROUP
LOAD /Applications/STM32CubeIDE.app/Contents/Eclipse/plugins/com.st.stm32cube.ide.mcu.externaltools.gnu-tools-for-stm32.12.3.rel1.macos64_1.0.200.202406191456/tools/bin/../lib/gcc/arm-none-eabi/12.3.1/thumb/v8-m.main+fp/hard/libgcc.a
LOAD /Applications/STM32CubeIDE.app/Contents/Eclipse/plugins/com.st.stm32cube.ide.mcu.externaltools.gnu-tools-for-stm32.12.3.rel1.macos64_1.0.200.202406191456/tools/bin/../lib/gcc/arm-none-eabi/12.3.1/../../../../arm-none-eabi/lib/thumb/v8-m.main+fp/hard/libc_nano.a
LOAD /Applications/STM32CubeIDE.app/Contents/Eclipse/plugins/com.st.stm32cube.ide.mcu.externaltools.gnu-tools-for-stm32.12.3.rel1.macos64_1.0.200.202406191456/tools/bin/../lib/gcc/arm-none-eabi/12.3.1/../../../../arm-none-eabi/lib/thumb/v8-m.main+fp/hard/libnosys.a
END GROUP
START GROUP
LOAD /Applications/STM32CubeIDE.app/Contents/Eclipse/plugins/com.st.stm32cube.ide.mcu.externaltools.gnu-tools-for-stm32.12.3.rel1.macos64_1.0.200.202406191456/tools/bin/../lib/gcc/arm-none-eabi/12.3.1/thumb/v8-m.main+fp/hard/libgcc.a
LOAD /Applications/STM32CubeIDE.app/Contents/Eclipse/plugins/com.st.stm32cube.ide.mcu.externaltools.gnu-tools-for-stm32.12.3.rel1.macos64_1.0.200.202406191456/tools/bin/../lib/gcc/arm-none-eabi/12.3.1/../../../../arm-none-eabi/lib/thumb/v8-m.main+fp/hard/libc_nano.a
LOAD /Applications/STM32CubeIDE.app/Contents/Eclipse/plugins/com.st.stm32cube.ide.mcu.externaltools.gnu-tools-for-stm32.12.3.rel1.macos64_1.0.200.202406191456/tools/bin/../lib/gcc/arm-none-eabi/12.3.1/../../../../arm-none-eabi/lib/thumb/v8-m.main+fp/hard/libnosys.a
END GROUP
LOAD /Applications/STM32CubeIDE.app/Contents/Eclipse/plugins/com.st.stm32cube.ide.mcu.externaltools.gnu-tools-for-stm32.12.3.rel1.macos64_1.0.200.202406191456/tools/bin/../lib/gcc/arm-none-eabi/12.3.1/thumb/v8-m.main+fp/hard/crtend.o
LOAD /Applications/STM32CubeIDE.app/Contents/Eclipse/plugins/com.st.stm32cube.ide.mcu.externaltools.gnu-tools-for-stm32.12.3.rel1.macos64_1.0.200.202406191456/tools/bin/../lib/gcc/arm-none-eabi/12.3.1/thumb/v8-m.main+fp/hard/crtn.o
                0x200c0000                        _estack = (ORIGIN (RAM) + LENGTH (RAM))
                0x00000200                        _Min_Heap_Size = 0x200
                0x00000400                        _Min_Stack_Size = 0x400

.isr_vector     0x08000000      0x238
 *(.isr_vector)
 .isr_vector    0x08000000      0x238 ./Core/Startup/startup_stm32u575citxq.o
                0x08000000                g_pfnVectors

.text           0x08000238     0x904c
 *(.text)
 .text          0x08000238       0x40 /Applications/STM32CubeIDE.app/Contents/Eclipse/plugins/com.st.stm32cube.ide.mcu.externaltools.gnu-tools-for-stm32.12.3.rel1.macos64_1.0.200.202406191456/tools/bin/../lib/gcc/arm-none-eabi/12.3.1/thumb/v8-m.main+fp/hard/crtbegin.o
 .text          0x08000278       0x30 /Applications/STM32CubeIDE.app/Contents/Eclipse/plugins/com.st.stm32cube.ide.mcu.externaltools.gnu-tools-for-stm32.12.3.rel1.macos64_1.0.200.202406191456/tools/bin/../lib/gcc/arm-none-eabi/12.3.1/thumb/v8-m.main+fp/hard/libgcc.a(_aeabi_uldivmod.o)
                0x08000278                __aeabi_uldivmod
 .text          0x080002a8      0x2e4 /Applications/STM32CubeIDE.app/Contents/Eclipse/plugins/com.st.stm32cube.ide.mcu.externaltools.gnu-tools-for-stm32.12.3.rel1.macos64_1.0.200.202406191456/tools/bin/../lib/gcc/arm-none-eabi/12.3.1/thumb/v8-m.main+fp/hard/libgcc.a(_udivmoddi4.o)
                0x080002a8                __udivmoddi4
 .text          0x0800058c        0x4 /Applications/STM32CubeIDE.app/Contents/Eclipse/plugins/com.st.stm32cube.ide.mcu.externaltools.gnu-tools-for-stm32.12.3.rel1.macos64_1.0.200.202406191456/tools/bin/../lib/gcc/arm-none-eabi/12.3.1/thumb/v8-m.main+fp/hard/libgcc.a(_dvmd_tls.o)
                0x0800058c                __aeabi_ldiv0
                0x0800058c                __aeabi_idiv0
 *(.text*)
 .text.MX_ADC1_Init
                0x08000590       0x88 ./Core/Src/adc.o
                0x08000590                MX_ADC1_Init
 .text.HAL_ADC_MspInit
                0x08000618       0x78 ./Core/Src/adc.o
                0x08000618                HAL_ADC_MspInit
 .text.MX_GPDMA1_Init
                0x08000690       0x70 ./Core/Src/gpdma.o
                0x08000690                MX_GPDMA1_Init
 .text.__NVIC_GetPriorityGrouping
                0x08000700       0x1c ./Core/Src/gpio.o
 .text.__NVIC_EnableIRQ
                0x0800071c       0x3c ./Core/Src/gpio.o
 .text.__NVIC_SetPriority
                0x08000758       0x54 ./Core/Src/gpio.o
 .text.NVIC_EncodePriority
                0x080007ac       0x66 ./Core/Src/gpio.o
 .text.LL_GPIO_SetPinMode
                0x08000812       0x7a ./Core/Src/gpio.o
 .text.LL_GPIO_SetPinPull
                0x0800088c       0x7a ./Core/Src/gpio.o
 .text.LL_GPIO_ResetOutputPin
                0x08000906       0x1c ./Core/Src/gpio.o
 *fill*         0x08000922        0x2 
 .text.LL_EXTI_SetEXTISource
                0x08000924       0x50 ./Core/Src/gpio.o
 .text.LL_AHB2_GRP1_EnableClock
                0x08000974       0x38 ./Core/Src/gpio.o
 .text.MX_GPIO_Init
                0x080009ac      0x25c ./Core/Src/gpio.o
                0x080009ac                MX_GPIO_Init
 .text.MX_I2C1_Init
                0x08000c08       0x80 ./Core/Src/i2c.o
                0x08000c08                MX_I2C1_Init
 .text.HAL_I2C_MspInit
                0x08000c88       0xd0 ./Core/Src/i2c.o
                0x08000c88                HAL_I2C_MspInit
 .text.MX_ICACHE_Init
                0x08000d58       0x26 ./Core/Src/icache.o
                0x08000d58                MX_ICACHE_Init
 *fill*         0x08000d7e        0x2 
 .text.__NVIC_GetPriorityGrouping
                0x08000d80       0x1c ./Core/Src/iwdg.o
 .text.__NVIC_EnableIRQ
                0x08000d9c       0x3c ./Core/Src/iwdg.o
 .text.__NVIC_SetPriority
                0x08000dd8       0x54 ./Core/Src/iwdg.o
 .text.NVIC_EncodePriority
                0x08000e2c       0x66 ./Core/Src/iwdg.o
 .text.LL_IWDG_Enable
                0x08000e92       0x1c ./Core/Src/iwdg.o
 .text.LL_IWDG_ReloadCounter
                0x08000eae       0x1c ./Core/Src/iwdg.o
 .text.LL_IWDG_EnableWriteAccess
                0x08000eca       0x1c ./Core/Src/iwdg.o
 .text.LL_IWDG_SetPrescaler
                0x08000ee6       0x20 ./Core/Src/iwdg.o
 .text.LL_IWDG_SetReloadCounter
                0x08000f06       0x20 ./Core/Src/iwdg.o
 .text.LL_IWDG_IsReady
                0x08000f26       0x26 ./Core/Src/iwdg.o
 .text.MX_IWDG_Init
                0x08000f4c       0x60 ./Core/Src/iwdg.o
                0x08000f4c                MX_IWDG_Init
 .text.main     0x08000fac       0x44 ./Core/Src/main.o
                0x08000fac                main
 .text.SystemClock_Config
                0x08000ff0       0xf0 ./Core/Src/main.o
                0x08000ff0                SystemClock_Config
 .text.SystemPower_Config
                0x080010e0       0x1c ./Core/Src/main.o
 .text.HAL_TIM_PeriodElapsedCallback
                0x080010fc       0x24 ./Core/Src/main.o
                0x080010fc                HAL_TIM_PeriodElapsedCallback
 .text.Error_Handler
                0x08001120        0xc ./Core/Src/main.o
                0x08001120                Error_Handler
 .text.LL_RCC_EnableRTC
                0x0800112c       0x24 ./Core/Src/rtc.o
 .text.LL_RTC_SetRtcPrivilege
                0x08001150       0x2a ./Core/Src/rtc.o
 *fill*         0x0800117a        0x2 
 .text.LL_RTC_SetBackupRegisterPrivilege
                0x0800117c       0x2c ./Core/Src/rtc.o
 .text.LL_RTC_SetBackupRegProtection
                0x080011a8       0x34 ./Core/Src/rtc.o
 .text.LL_APB3_GRP1_EnableClock
                0x080011dc       0x38 ./Core/Src/rtc.o
 .text.LL_SRDAMR_GRP1_EnableAutonomousClock
                0x08001214       0x38 ./Core/Src/rtc.o
 .text.MX_RTC_Init
                0x0800124c       0x9c ./Core/Src/rtc.o
                0x0800124c                MX_RTC_Init
 .text.MX_SPI2_Init
                0x080012e8       0xe0 ./Core/Src/spi.o
                0x080012e8                MX_SPI2_Init
 .text.MX_SPI3_Init
                0x080013c8       0xe0 ./Core/Src/spi.o
                0x080013c8                MX_SPI3_Init
 .text.HAL_SPI_MspInit
                0x080014a8      0x3d4 ./Core/Src/spi.o
                0x080014a8                HAL_SPI_MspInit
 .text.HAL_MspInit
                0x0800187c       0x34 ./Core/Src/stm32u5xx_hal_msp.o
                0x0800187c                HAL_MspInit
 .text.HAL_InitTick
                0x080018b0       0xe0 ./Core/Src/stm32u5xx_hal_timebase_tim.o
                0x080018b0                HAL_InitTick
 .text.LL_EXTI_IsActiveFallingFlag_0_31
                0x08001990       0x2c ./Core/Src/stm32u5xx_it.o
 .text.LL_EXTI_ClearFallingFlag_0_31
                0x080019bc       0x20 ./Core/Src/stm32u5xx_it.o
 .text.LL_EXTI_IsActiveRisingFlag_0_31
                0x080019dc       0x2c ./Core/Src/stm32u5xx_it.o
 .text.LL_EXTI_ClearRisingFlag_0_31
                0x08001a08       0x20 ./Core/Src/stm32u5xx_it.o
 .text.DebugMon_Handler
                0x08001a28        0xe ./Core/Src/stm32u5xx_it.o
                0x08001a28                DebugMon_Handler
 .text.EXTI8_IRQHandler
                0x08001a36       0x1e ./Core/Src/stm32u5xx_it.o
                0x08001a36                EXTI8_IRQHandler
 .text.EXTI9_IRQHandler
                0x08001a54       0x34 ./Core/Src/stm32u5xx_it.o
                0x08001a54                EXTI9_IRQHandler
 .text.EXTI10_IRQHandler
                0x08001a88       0x1e ./Core/Src/stm32u5xx_it.o
                0x08001a88                EXTI10_IRQHandler
 *fill*         0x08001aa6        0x2 
 .text.TIM8_UP_IRQHandler
                0x08001aa8       0x14 ./Core/Src/stm32u5xx_it.o
                0x08001aa8                TIM8_UP_IRQHandler
 .text.SPI2_IRQHandler
                0x08001abc       0x14 ./Core/Src/stm32u5xx_it.o
                0x08001abc                SPI2_IRQHandler
 .text.GPDMA1_Channel12_IRQHandler
                0x08001ad0       0x14 ./Core/Src/stm32u5xx_it.o
                0x08001ad0                GPDMA1_Channel12_IRQHandler
 .text.GPDMA1_Channel13_IRQHandler
                0x08001ae4       0x14 ./Core/Src/stm32u5xx_it.o
                0x08001ae4                GPDMA1_Channel13_IRQHandler
 .text.GPDMA1_Channel14_IRQHandler
                0x08001af8       0x14 ./Core/Src/stm32u5xx_it.o
                0x08001af8                GPDMA1_Channel14_IRQHandler
 .text.GPDMA1_Channel15_IRQHandler
                0x08001b0c       0x14 ./Core/Src/stm32u5xx_it.o
                0x08001b0c                GPDMA1_Channel15_IRQHandler
 .text.SPI3_IRQHandler
                0x08001b20       0x14 ./Core/Src/stm32u5xx_it.o
                0x08001b20                SPI3_IRQHandler
 .text.SystemInit
                0x08001b34       0x70 ./Core/Src/system_stm32u5xx.o
                0x08001b34                SystemInit
 .text.__NVIC_GetPriorityGrouping
                0x08001ba4       0x1c ./Core/Src/usart.o
 .text.__NVIC_EnableIRQ
                0x08001bc0       0x3c ./Core/Src/usart.o
 .text.__NVIC_SetPriority
                0x08001bfc       0x54 ./Core/Src/usart.o
 .text.NVIC_EncodePriority
                0x08001c50       0x66 ./Core/Src/usart.o
 .text.LL_LPUART_Enable
                0x08001cb6       0x20 ./Core/Src/usart.o
 .text.LL_LPUART_DisableFIFO
                0x08001cd6       0x20 ./Core/Src/usart.o
 .text.LL_LPUART_SetTXFIFOThreshold
                0x08001cf6       0x4e ./Core/Src/usart.o
 .text.LL_LPUART_SetRXFIFOThreshold
                0x08001d44       0x4e ./Core/Src/usart.o
 .text.LL_USART_Enable
                0x08001d92       0x20 ./Core/Src/usart.o
 .text.LL_USART_DisableFIFO
                0x08001db2       0x20 ./Core/Src/usart.o
 .text.LL_USART_SetTXFIFOThreshold
                0x08001dd2       0x4e ./Core/Src/usart.o
 .text.LL_USART_SetRXFIFOThreshold
                0x08001e20       0x4e ./Core/Src/usart.o
 .text.LL_USART_ConfigAsyncMode
                0x08001e6e       0x2c ./Core/Src/usart.o
 *fill*         0x08001e9a        0x2 
 .text.LL_AHB2_GRP1_EnableClock
                0x08001e9c       0x38 ./Core/Src/usart.o
 .text.LL_APB1_GRP1_EnableClock
                0x08001ed4       0x38 ./Core/Src/usart.o
 .text.LL_APB3_GRP1_EnableClock
                0x08001f0c       0x38 ./Core/Src/usart.o
 .text.MX_LPUART1_UART_Init
                0x08001f44      0x11c ./Core/Src/usart.o
                0x08001f44                MX_LPUART1_UART_Init
 .text.MX_USART3_UART_Init
                0x08002060      0x124 ./Core/Src/usart.o
                0x08002060                MX_USART3_UART_Init
 .text.MX_USB_OTG_FS_PCD_Init
                0x08002184       0x64 ./Core/Src/usb_otg.o
                0x08002184                MX_USB_OTG_FS_PCD_Init
 .text.HAL_PCD_MspInit
                0x080021e8      0x118 ./Core/Src/usb_otg.o
                0x080021e8                HAL_PCD_MspInit
 .text.Reset_Handler
                0x08002300       0x50 ./Core/Startup/startup_stm32u575citxq.o
                0x08002300                Reset_Handler
 .text.Default_Handler
                0x08002350        0x2 ./Core/Startup/startup_stm32u575citxq.o
                0x08002350                HASH_IRQHandler
                0x08002350                TIM8_TRG_COM_IRQHandler
                0x08002350                TIM8_CC_IRQHandler
                0x08002350                EXTI5_IRQHandler
                0x08002350                FLASH_S_IRQHandler
                0x08002350                EXTI13_IRQHandler
                0x08002350                TIM1_CC_IRQHandler
                0x08002350                TSC_IRQHandler
                0x08002350                HardFault_Handler
                0x08002350                TAMP_IRQHandler
                0x08002350                TIM6_IRQHandler
                0x08002350                EXTI12_IRQHandler
                0x08002350                CORDIC_IRQHandler
                0x08002350                SysTick_Handler
                0x08002350                PendSV_Handler
                0x08002350                NMI_Handler
                0x08002350                EXTI3_IRQHandler
                0x08002350                LPTIM4_IRQHandler
                0x08002350                GPDMA1_Channel5_IRQHandler
                0x08002350                LPTIM2_IRQHandler
                0x08002350                I2C3_ER_IRQHandler
                0x08002350                PWR_S3WU_IRQHandler
                0x08002350                MDF1_FLT2_IRQHandler
                0x08002350                LPDMA1_Channel3_IRQHandler
                0x08002350                LPTIM3_IRQHandler
                0x08002350                EXTI0_IRQHandler
                0x08002350                I2C2_EV_IRQHandler
                0x08002350                FPU_IRQHandler
                0x08002350                GPDMA1_Channel3_IRQHandler
                0x08002350                GPDMA1_Channel7_IRQHandler
                0x08002350                MDF1_FLT4_IRQHandler
                0x08002350                FDCAN1_IT1_IRQHandler
                0x08002350                RAMCFG_IRQHandler
                0x08002350                UsageFault_Handler
                0x08002350                GPDMA1_Channel9_IRQHandler
                0x08002350                DCACHE1_IRQHandler
                0x08002350                SPI1_IRQHandler
                0x08002350                OCTOSPI1_IRQHandler
                0x08002350                GPDMA1_Channel2_IRQHandler
                0x08002350                RCC_S_IRQHandler
                0x08002350                OCTOSPI2_IRQHandler
                0x08002350                SAI2_IRQHandler
                0x08002350                MDF1_FLT1_IRQHandler
                0x08002350                ADC1_IRQHandler
                0x08002350                MDF1_FLT5_IRQHandler
                0x08002350                EXTI15_IRQHandler
                0x08002350                TIM17_IRQHandler
                0x08002350                USART3_IRQHandler
                0x08002350                RTC_IRQHandler
                0x08002350                UART5_IRQHandler
                0x08002350                TIM4_IRQHandler
                0x08002350                I2C1_EV_IRQHandler
                0x08002350                GPDMA1_Channel1_IRQHandler
                0x08002350                TIM16_IRQHandler
                0x08002350                UART4_IRQHandler
                0x08002350                SecureFault_Handler
                0x08002350                TIM3_IRQHandler
                0x08002350                RCC_IRQHandler
                0x08002350                TIM1_TRG_COM_IRQHandler
                0x08002350                Default_Handler
                0x08002350                GPDMA1_Channel8_IRQHandler
                0x08002350                FMAC_IRQHandler
                0x08002350                GPDMA1_Channel11_IRQHandler
                0x08002350                TIM7_IRQHandler
                0x08002350                SDMMC1_IRQHandler
                0x08002350                TIM5_IRQHandler
                0x08002350                UCPD1_IRQHandler
                0x08002350                GPDMA1_Channel0_IRQHandler
                0x08002350                TIM15_IRQHandler
                0x08002350                I2C3_EV_IRQHandler
                0x08002350                LPDMA1_Channel0_IRQHandler
                0x08002350                PVD_PVM_IRQHandler
                0x08002350                MemManage_Handler
                0x08002350                LPDMA1_Channel1_IRQHandler
                0x08002350                EXTI14_IRQHandler
                0x08002350                EXTI11_IRQHandler
                0x08002350                SVC_Handler
                0x08002350                CRS_IRQHandler
                0x08002350                LSECSSD_IRQHandler
                0x08002350                EXTI4_IRQHandler
                0x08002350                RTC_S_IRQHandler
                0x08002350                RNG_IRQHandler
                0x08002350                COMP_IRQHandler
                0x08002350                TIM1_UP_IRQHandler
                0x08002350                ADC4_IRQHandler
                0x08002350                WWDG_IRQHandler
                0x08002350                I2C4_EV_IRQHandler
                0x08002350                ADF1_IRQHandler
                0x08002350                IWDG_IRQHandler
                0x08002350                LPUART1_IRQHandler
                0x08002350                MDF1_FLT0_IRQHandler
                0x08002350                FDCAN1_IT0_IRQHandler
                0x08002350                TIM2_IRQHandler
                0x08002350                GPDMA1_Channel4_IRQHandler
                0x08002350                EXTI7_IRQHandler
                0x08002350                DMA2D_IRQHandler
                0x08002350                TIM1_BRK_IRQHandler
                0x08002350                EXTI1_IRQHandler
                0x08002350                SDMMC2_IRQHandler
                0x08002350                DAC1_IRQHandler
                0x08002350                GTZC_IRQHandler
                0x08002350                MDF1_FLT3_IRQHandler
                0x08002350                USART2_IRQHandler
                0x08002350                GPDMA1_Channel6_IRQHandler
                0x08002350                I2C2_ER_IRQHandler
                0x08002350                TIM8_BRK_IRQHandler
                0x08002350                FLASH_IRQHandler
                0x08002350                BusFault_Handler
                0x08002350                USART1_IRQHandler
                0x08002350                OTG_FS_IRQHandler
                0x08002350                LPDMA1_Channel2_IRQHandler
                0x08002350                I2C1_ER_IRQHandler
                0x08002350                FMC_IRQHandler
                0x08002350                EXTI6_IRQHandler
                0x08002350                LPTIM1_IRQHandler
                0x08002350                DCMI_PSSI_IRQHandler
                0x08002350                I2C4_ER_IRQHandler
                0x08002350                GPDMA1_Channel10_IRQHandler
                0x08002350                ICACHE_IRQHandler
                0x08002350                SAI1_IRQHandler
                0x08002350                EXTI2_IRQHandler
 *fill*         0x08002352        0x2 
 .text.HAL_Init
                0x08002354       0x60 ./Drivers/STM32U5xx_HAL_Driver/Src/stm32u5xx_hal.o
                0x08002354                HAL_Init
 .text.HAL_IncTick
                0x080023b4       0x28 ./Drivers/STM32U5xx_HAL_Driver/Src/stm32u5xx_hal.o
                0x080023b4                HAL_IncTick
 .text.HAL_GetTick
                0x080023dc       0x18 ./Drivers/STM32U5xx_HAL_Driver/Src/stm32u5xx_hal.o
                0x080023dc                HAL_GetTick
 .text.HAL_Delay
                0x080023f4       0x48 ./Drivers/STM32U5xx_HAL_Driver/Src/stm32u5xx_hal.o
                0x080023f4                HAL_Delay
 .text.LL_ADC_SetCommonClock
                0x0800243c       0x26 ./Drivers/STM32U5xx_HAL_Driver/Src/stm32u5xx_hal_adc.o
 *fill*         0x08002462        0x2 
 .text.LL_ADC_SetResolution
                0x08002464       0x40 ./Drivers/STM32U5xx_HAL_Driver/Src/stm32u5xx_hal_adc.o
 .text.LL_ADC_SetGainCompensation
                0x080024a4       0x46 ./Drivers/STM32U5xx_HAL_Driver/Src/stm32u5xx_hal_adc.o
 .text.LL_ADC_SetSamplingTimeCommonChannels
                0x080024ea       0x3e ./Drivers/STM32U5xx_HAL_Driver/Src/stm32u5xx_hal_adc.o
 .text.LL_ADC_DisableDeepPowerDown
                0x08002528       0x24 ./Drivers/STM32U5xx_HAL_Driver/Src/stm32u5xx_hal_adc.o
 .text.LL_ADC_IsDeepPowerDownEnabled
                0x0800254c       0x28 ./Drivers/STM32U5xx_HAL_Driver/Src/stm32u5xx_hal_adc.o
 .text.LL_ADC_EnableInternalRegulator
                0x08002574       0x28 ./Drivers/STM32U5xx_HAL_Driver/Src/stm32u5xx_hal_adc.o
 .text.LL_ADC_IsInternalRegulatorEnabled
                0x0800259c       0x28 ./Drivers/STM32U5xx_HAL_Driver/Src/stm32u5xx_hal_adc.o
 .text.LL_ADC_IsEnabled
                0x080025c4       0x26 ./Drivers/STM32U5xx_HAL_Driver/Src/stm32u5xx_hal_adc.o
 .text.LL_ADC_REG_IsConversionOngoing
                0x080025ea       0x26 ./Drivers/STM32U5xx_HAL_Driver/Src/stm32u5xx_hal_adc.o
 .text.LL_ADC_INJ_IsConversionOngoing
                0x08002610       0x26 ./Drivers/STM32U5xx_HAL_Driver/Src/stm32u5xx_hal_adc.o
 *fill*         0x08002636        0x2 
 .text.HAL_ADC_Init
                0x08002638      0x594 ./Drivers/STM32U5xx_HAL_Driver/Src/stm32u5xx_hal_adc.o
                0x08002638                HAL_ADC_Init
 .text.__NVIC_SetPriorityGrouping
                0x08002bcc       0x48 ./Drivers/STM32U5xx_HAL_Driver/Src/stm32u5xx_hal_cortex.o
 .text.__NVIC_GetPriorityGrouping
                0x08002c14       0x1c ./Drivers/STM32U5xx_HAL_Driver/Src/stm32u5xx_hal_cortex.o
 .text.__NVIC_EnableIRQ
                0x08002c30       0x3c ./Drivers/STM32U5xx_HAL_Driver/Src/stm32u5xx_hal_cortex.o
 .text.__NVIC_SetPriority
                0x08002c6c       0x54 ./Drivers/STM32U5xx_HAL_Driver/Src/stm32u5xx_hal_cortex.o
 .text.NVIC_EncodePriority
                0x08002cc0       0x66 ./Drivers/STM32U5xx_HAL_Driver/Src/stm32u5xx_hal_cortex.o
 .text.HAL_NVIC_SetPriorityGrouping
                0x08002d26       0x16 ./Drivers/STM32U5xx_HAL_Driver/Src/stm32u5xx_hal_cortex.o
                0x08002d26                HAL_NVIC_SetPriorityGrouping
 .text.HAL_NVIC_SetPriority
                0x08002d3c       0x34 ./Drivers/STM32U5xx_HAL_Driver/Src/stm32u5xx_hal_cortex.o
                0x08002d3c                HAL_NVIC_SetPriority
 .text.HAL_NVIC_EnableIRQ
                0x08002d70       0x1c ./Drivers/STM32U5xx_HAL_Driver/Src/stm32u5xx_hal_cortex.o
                0x08002d70                HAL_NVIC_EnableIRQ
 .text.HAL_SYSTICK_CLKSourceConfig
                0x08002d8c       0xb0 ./Drivers/STM32U5xx_HAL_Driver/Src/stm32u5xx_hal_cortex.o
                0x08002d8c                HAL_SYSTICK_CLKSourceConfig
 .text.HAL_DMA_Init
                0x08002e3c      0x258 ./Drivers/STM32U5xx_HAL_Driver/Src/stm32u5xx_hal_dma.o
                0x08002e3c                HAL_DMA_Init
 .text.HAL_DMA_Abort_IT
                0x08003094       0x52 ./Drivers/STM32U5xx_HAL_Driver/Src/stm32u5xx_hal_dma.o
                0x08003094                HAL_DMA_Abort_IT
 .text.HAL_DMA_IRQHandler
                0x080030e6      0x2c2 ./Drivers/STM32U5xx_HAL_Driver/Src/stm32u5xx_hal_dma.o
                0x080030e6                HAL_DMA_IRQHandler
 .text.HAL_DMA_ConfigChannelAttributes
                0x080033a8       0x78 ./Drivers/STM32U5xx_HAL_Driver/Src/stm32u5xx_hal_dma.o
                0x080033a8                HAL_DMA_ConfigChannelAttributes
 .text.DMA_Init
                0x08003420      0x500 ./Drivers/STM32U5xx_HAL_Driver/Src/stm32u5xx_hal_dma.o
 .text.HAL_GPIO_Init
                0x08003920      0x3b0 ./Drivers/STM32U5xx_HAL_Driver/Src/stm32u5xx_hal_gpio.o
                0x08003920                HAL_GPIO_Init
 .text.HAL_I2C_Init
                0x08003cd0      0x136 ./Drivers/STM32U5xx_HAL_Driver/Src/stm32u5xx_hal_i2c.o
                0x08003cd0                HAL_I2C_Init
 .text.HAL_I2CEx_ConfigAnalogFilter
                0x08003e06       0x96 ./Drivers/STM32U5xx_HAL_Driver/Src/stm32u5xx_hal_i2c_ex.o
                0x08003e06                HAL_I2CEx_ConfigAnalogFilter
 .text.HAL_I2CEx_ConfigDigitalFilter
                0x08003e9c       0x98 ./Drivers/STM32U5xx_HAL_Driver/Src/stm32u5xx_hal_i2c_ex.o
                0x08003e9c                HAL_I2CEx_ConfigDigitalFilter
 .text.HAL_ICACHE_ConfigAssociativityMode
                0x08003f34       0x40 ./Drivers/STM32U5xx_HAL_Driver/Src/stm32u5xx_hal_icache.o
                0x08003f34                HAL_ICACHE_ConfigAssociativityMode
 .text.HAL_ICACHE_Enable
                0x08003f74       0x20 ./Drivers/STM32U5xx_HAL_Driver/Src/stm32u5xx_hal_icache.o
                0x08003f74                HAL_ICACHE_Enable
 .text.HAL_PCD_Init
                0x08003f94      0x230 ./Drivers/STM32U5xx_HAL_Driver/Src/stm32u5xx_hal_pcd.o
                0x08003f94                HAL_PCD_Init
 .text.HAL_PCDEx_ActivateLPM
                0x080041c4       0x48 ./Drivers/STM32U5xx_HAL_Driver/Src/stm32u5xx_hal_pcd_ex.o
                0x080041c4                HAL_PCDEx_ActivateLPM
 .text.HAL_PWR_EnableBkUpAccess
                0x0800420c       0x20 ./Drivers/STM32U5xx_HAL_Driver/Src/stm32u5xx_hal_pwr.o
                0x0800420c                HAL_PWR_EnableBkUpAccess
 .text.HAL_PWREx_ControlVoltageScaling
                0x0800422c       0xfc ./Drivers/STM32U5xx_HAL_Driver/Src/stm32u5xx_hal_pwr_ex.o
                0x0800422c                HAL_PWREx_ControlVoltageScaling
 .text.HAL_PWREx_GetVoltageRange
                0x08004328       0x1c ./Drivers/STM32U5xx_HAL_Driver/Src/stm32u5xx_hal_pwr_ex.o
                0x08004328                HAL_PWREx_GetVoltageRange
 .text.HAL_PWREx_ConfigSupply
                0x08004344       0xa0 ./Drivers/STM32U5xx_HAL_Driver/Src/stm32u5xx_hal_pwr_ex.o
                0x08004344                HAL_PWREx_ConfigSupply
 .text.HAL_PWREx_EnableVddUSB
                0x080043e4       0x20 ./Drivers/STM32U5xx_HAL_Driver/Src/stm32u5xx_hal_pwr_ex.o
                0x080043e4                HAL_PWREx_EnableVddUSB
 .text.HAL_PWREx_DisableUCPDDeadBattery
                0x08004404       0x20 ./Drivers/STM32U5xx_HAL_Driver/Src/stm32u5xx_hal_pwr_ex.o
                0x08004404                HAL_PWREx_DisableUCPDDeadBattery
 .text.HAL_RCC_OscConfig
                0x08004424      0xdb8 ./Drivers/STM32U5xx_HAL_Driver/Src/stm32u5xx_hal_rcc.o
                0x08004424                HAL_RCC_OscConfig
 .text.HAL_RCC_ClockConfig
                0x080051dc      0x3e4 ./Drivers/STM32U5xx_HAL_Driver/Src/stm32u5xx_hal_rcc.o
                0x080051dc                HAL_RCC_ClockConfig
 .text.HAL_RCC_GetSysClockFreq
                0x080055c0      0x204 ./Drivers/STM32U5xx_HAL_Driver/Src/stm32u5xx_hal_rcc.o
                0x080055c0                HAL_RCC_GetSysClockFreq
 .text.HAL_RCC_GetHCLKFreq
                0x080057c4       0x34 ./Drivers/STM32U5xx_HAL_Driver/Src/stm32u5xx_hal_rcc.o
                0x080057c4                HAL_RCC_GetHCLKFreq
 .text.HAL_RCC_GetPCLK2Freq
                0x080057f8       0x28 ./Drivers/STM32U5xx_HAL_Driver/Src/stm32u5xx_hal_rcc.o
                0x080057f8                HAL_RCC_GetPCLK2Freq
 .text.HAL_RCC_GetClockConfig
                0x08005820       0x70 ./Drivers/STM32U5xx_HAL_Driver/Src/stm32u5xx_hal_rcc.o
                0x08005820                HAL_RCC_GetClockConfig
 .text.RCC_SetFlashLatencyFromMSIRange
                0x08005890      0x10c ./Drivers/STM32U5xx_HAL_Driver/Src/stm32u5xx_hal_rcc.o
 .text.HAL_RCCEx_PeriphCLKConfig
                0x0800599c      0xb48 ./Drivers/STM32U5xx_HAL_Driver/Src/stm32u5xx_hal_rcc_ex.o
                0x0800599c                HAL_RCCEx_PeriphCLKConfig
 .text.RCCEx_PLL2_Config
                0x080064e4      0x130 ./Drivers/STM32U5xx_HAL_Driver/Src/stm32u5xx_hal_rcc_ex.o
 .text.RCCEx_PLL3_Config
                0x08006614      0x130 ./Drivers/STM32U5xx_HAL_Driver/Src/stm32u5xx_hal_rcc_ex.o
 .text.HAL_SPI_Init
                0x08006744      0x2b0 ./Drivers/STM32U5xx_HAL_Driver/Src/stm32u5xx_hal_spi.o
                0x08006744                HAL_SPI_Init
 .text.HAL_SPI_IRQHandler
                0x080069f4      0x3c0 ./Drivers/STM32U5xx_HAL_Driver/Src/stm32u5xx_hal_spi.o
                0x080069f4                HAL_SPI_IRQHandler
 .text.HAL_SPI_TxCpltCallback
                0x08006db4       0x14 ./Drivers/STM32U5xx_HAL_Driver/Src/stm32u5xx_hal_spi.o
                0x08006db4                HAL_SPI_TxCpltCallback
 .text.HAL_SPI_RxCpltCallback
                0x08006dc8       0x14 ./Drivers/STM32U5xx_HAL_Driver/Src/stm32u5xx_hal_spi.o
                0x08006dc8                HAL_SPI_RxCpltCallback
 .text.HAL_SPI_TxRxCpltCallback
                0x08006ddc       0x14 ./Drivers/STM32U5xx_HAL_Driver/Src/stm32u5xx_hal_spi.o
                0x08006ddc                HAL_SPI_TxRxCpltCallback
 .text.HAL_SPI_TxHalfCpltCallback
                0x08006df0       0x14 ./Drivers/STM32U5xx_HAL_Driver/Src/stm32u5xx_hal_spi.o
                0x08006df0                HAL_SPI_TxHalfCpltCallback
 .text.HAL_SPI_RxHalfCpltCallback
                0x08006e04       0x14 ./Drivers/STM32U5xx_HAL_Driver/Src/stm32u5xx_hal_spi.o
                0x08006e04                HAL_SPI_RxHalfCpltCallback
 .text.HAL_SPI_TxRxHalfCpltCallback
                0x08006e18       0x14 ./Drivers/STM32U5xx_HAL_Driver/Src/stm32u5xx_hal_spi.o
                0x08006e18                HAL_SPI_TxRxHalfCpltCallback
 .text.HAL_SPI_ErrorCallback
                0x08006e2c       0x14 ./Drivers/STM32U5xx_HAL_Driver/Src/stm32u5xx_hal_spi.o
                0x08006e2c                HAL_SPI_ErrorCallback
 .text.HAL_SPI_AbortCpltCallback
                0x08006e40       0x14 ./Drivers/STM32U5xx_HAL_Driver/Src/stm32u5xx_hal_spi.o
                0x08006e40                HAL_SPI_AbortCpltCallback
 .text.HAL_SPI_SuspendCallback
                0x08006e54       0x14 ./Drivers/STM32U5xx_HAL_Driver/Src/stm32u5xx_hal_spi.o
                0x08006e54                HAL_SPI_SuspendCallback
 .text.SPI_DMAAbortOnError
                0x08006e68       0x38 ./Drivers/STM32U5xx_HAL_Driver/Src/stm32u5xx_hal_spi.o
 .text.SPI_CloseTransfer
                0x08006ea0      0x140 ./Drivers/STM32U5xx_HAL_Driver/Src/stm32u5xx_hal_spi.o
 .text.SPI_GetPacketSize
                0x08006fe0       0x36 ./Drivers/STM32U5xx_HAL_Driver/Src/stm32u5xx_hal_spi.o
 .text.HAL_SPIEx_SetConfigAutonomousMode
                0x08007016       0x82 ./Drivers/STM32U5xx_HAL_Driver/Src/stm32u5xx_hal_spi_ex.o
                0x08007016                HAL_SPIEx_SetConfigAutonomousMode
 .text.HAL_TIM_Base_Init
                0x08007098       0xae ./Drivers/STM32U5xx_HAL_Driver/Src/stm32u5xx_hal_tim.o
                0x08007098                HAL_TIM_Base_Init
 .text.HAL_TIM_Base_MspInit
                0x08007146       0x14 ./Drivers/STM32U5xx_HAL_Driver/Src/stm32u5xx_hal_tim.o
                0x08007146                HAL_TIM_Base_MspInit
 *fill*         0x0800715a        0x2 
 .text.HAL_TIM_Base_Start_IT
                0x0800715c      0x140 ./Drivers/STM32U5xx_HAL_Driver/Src/stm32u5xx_hal_tim.o
                0x0800715c                HAL_TIM_Base_Start_IT
 .text.HAL_TIM_IRQHandler
                0x0800729c      0x29e ./Drivers/STM32U5xx_HAL_Driver/Src/stm32u5xx_hal_tim.o
                0x0800729c                HAL_TIM_IRQHandler
 .text.HAL_TIM_OC_DelayElapsedCallback
                0x0800753a       0x14 ./Drivers/STM32U5xx_HAL_Driver/Src/stm32u5xx_hal_tim.o
                0x0800753a                HAL_TIM_OC_DelayElapsedCallback
 .text.HAL_TIM_IC_CaptureCallback
                0x0800754e       0x14 ./Drivers/STM32U5xx_HAL_Driver/Src/stm32u5xx_hal_tim.o
                0x0800754e                HAL_TIM_IC_CaptureCallback
 .text.HAL_TIM_PWM_PulseFinishedCallback
                0x08007562       0x14 ./Drivers/STM32U5xx_HAL_Driver/Src/stm32u5xx_hal_tim.o
                0x08007562                HAL_TIM_PWM_PulseFinishedCallback
 .text.HAL_TIM_TriggerCallback
                0x08007576       0x14 ./Drivers/STM32U5xx_HAL_Driver/Src/stm32u5xx_hal_tim.o
                0x08007576                HAL_TIM_TriggerCallback
 *fill*         0x0800758a        0x2 
 .text.TIM_Base_SetConfig
                0x0800758c      0x20c ./Drivers/STM32U5xx_HAL_Driver/Src/stm32u5xx_hal_tim.o
                0x0800758c                TIM_Base_SetConfig
 .text.HAL_TIMEx_CommutCallback
                0x08007798       0x14 ./Drivers/STM32U5xx_HAL_Driver/Src/stm32u5xx_hal_tim_ex.o
                0x08007798                HAL_TIMEx_CommutCallback
 .text.HAL_TIMEx_BreakCallback
                0x080077ac       0x14 ./Drivers/STM32U5xx_HAL_Driver/Src/stm32u5xx_hal_tim_ex.o
                0x080077ac                HAL_TIMEx_BreakCallback
 .text.HAL_TIMEx_Break2Callback
                0x080077c0       0x14 ./Drivers/STM32U5xx_HAL_Driver/Src/stm32u5xx_hal_tim_ex.o
                0x080077c0                HAL_TIMEx_Break2Callback
 .text.HAL_TIMEx_EncoderIndexCallback
                0x080077d4       0x14 ./Drivers/STM32U5xx_HAL_Driver/Src/stm32u5xx_hal_tim_ex.o
                0x080077d4                HAL_TIMEx_EncoderIndexCallback
 .text.HAL_TIMEx_DirectionChangeCallback
                0x080077e8       0x14 ./Drivers/STM32U5xx_HAL_Driver/Src/stm32u5xx_hal_tim_ex.o
                0x080077e8                HAL_TIMEx_DirectionChangeCallback
 .text.HAL_TIMEx_IndexErrorCallback
                0x080077fc       0x14 ./Drivers/STM32U5xx_HAL_Driver/Src/stm32u5xx_hal_tim_ex.o
                0x080077fc                HAL_TIMEx_IndexErrorCallback
 .text.HAL_TIMEx_TransitionErrorCallback
                0x08007810       0x14 ./Drivers/STM32U5xx_HAL_Driver/Src/stm32u5xx_hal_tim_ex.o
                0x08007810                HAL_TIMEx_TransitionErrorCallback
 .text.LL_EXTI_EnableIT_0_31
                0x08007824       0x28 ./Drivers/STM32U5xx_HAL_Driver/Src/stm32u5xx_ll_exti.o
 .text.LL_EXTI_DisableIT_0_31
                0x0800784c       0x2c ./Drivers/STM32U5xx_HAL_Driver/Src/stm32u5xx_ll_exti.o
 .text.LL_EXTI_EnableEvent_0_31
                0x08007878       0x28 ./Drivers/STM32U5xx_HAL_Driver/Src/stm32u5xx_ll_exti.o
 .text.LL_EXTI_DisableEvent_0_31
                0x080078a0       0x2c ./Drivers/STM32U5xx_HAL_Driver/Src/stm32u5xx_ll_exti.o
 .text.LL_EXTI_EnableRisingTrig_0_31
                0x080078cc       0x24 ./Drivers/STM32U5xx_HAL_Driver/Src/stm32u5xx_ll_exti.o
 .text.LL_EXTI_DisableRisingTrig_0_31
                0x080078f0       0x28 ./Drivers/STM32U5xx_HAL_Driver/Src/stm32u5xx_ll_exti.o
 .text.LL_EXTI_EnableFallingTrig_0_31
                0x08007918       0x24 ./Drivers/STM32U5xx_HAL_Driver/Src/stm32u5xx_ll_exti.o
 .text.LL_EXTI_DisableFallingTrig_0_31
                0x0800793c       0x28 ./Drivers/STM32U5xx_HAL_Driver/Src/stm32u5xx_ll_exti.o
 .text.LL_EXTI_Init
                0x08007964       0xfe ./Drivers/STM32U5xx_HAL_Driver/Src/stm32u5xx_ll_exti.o
                0x08007964                LL_EXTI_Init
 .text.LL_GPIO_SetPinMode
                0x08007a62       0x7a ./Drivers/STM32U5xx_HAL_Driver/Src/stm32u5xx_ll_gpio.o
 .text.LL_GPIO_SetPinOutputType
                0x08007adc       0x30 ./Drivers/STM32U5xx_HAL_Driver/Src/stm32u5xx_ll_gpio.o
 .text.LL_GPIO_SetPinSpeed
                0x08007b0c       0x7a ./Drivers/STM32U5xx_HAL_Driver/Src/stm32u5xx_ll_gpio.o
 .text.LL_GPIO_SetPinPull
                0x08007b86       0x7a ./Drivers/STM32U5xx_HAL_Driver/Src/stm32u5xx_ll_gpio.o
 .text.LL_GPIO_SetAFPin_0_7
                0x08007c00       0x7a ./Drivers/STM32U5xx_HAL_Driver/Src/stm32u5xx_ll_gpio.o
 .text.LL_GPIO_SetAFPin_8_15
                0x08007c7a       0x7e ./Drivers/STM32U5xx_HAL_Driver/Src/stm32u5xx_ll_gpio.o
 .text.LL_GPIO_Init
                0x08007cf8       0xfc ./Drivers/STM32U5xx_HAL_Driver/Src/stm32u5xx_ll_gpio.o
                0x08007cf8                LL_GPIO_Init
 .text.LL_LPUART_IsEnabled
                0x08007df4       0x26 ./Drivers/STM32U5xx_HAL_Driver/Src/stm32u5xx_ll_lpuart.o
 .text.LL_LPUART_SetPrescaler
                0x08007e1a       0x28 ./Drivers/STM32U5xx_HAL_Driver/Src/stm32u5xx_ll_lpuart.o
 .text.LL_LPUART_SetStopBitsLength
                0x08007e42       0x26 ./Drivers/STM32U5xx_HAL_Driver/Src/stm32u5xx_ll_lpuart.o
 .text.LL_LPUART_SetHWFlowCtrl
                0x08007e68       0x26 ./Drivers/STM32U5xx_HAL_Driver/Src/stm32u5xx_ll_lpuart.o
 *fill*         0x08007e8e        0x2 
 .text.LL_LPUART_SetBaudRate
                0x08007e90       0x98 ./Drivers/STM32U5xx_HAL_Driver/Src/stm32u5xx_ll_lpuart.o
 .text.LL_LPUART_Init
                0x08007f28       0x94 ./Drivers/STM32U5xx_HAL_Driver/Src/stm32u5xx_ll_lpuart.o
                0x08007f28                LL_LPUART_Init
 .text.LL_RCC_HSI_IsReady
                0x08007fbc       0x28 ./Drivers/STM32U5xx_HAL_Driver/Src/stm32u5xx_ll_rcc.o
 .text.LL_RCC_LSE_IsReady
                0x08007fe4       0x28 ./Drivers/STM32U5xx_HAL_Driver/Src/stm32u5xx_ll_rcc.o
 .text.LL_RCC_MSI_IsEnabledRangeSelect
                0x0800800c       0x28 ./Drivers/STM32U5xx_HAL_Driver/Src/stm32u5xx_ll_rcc.o
 .text.LL_RCC_MSIS_GetRange
                0x08008034       0x1c ./Drivers/STM32U5xx_HAL_Driver/Src/stm32u5xx_ll_rcc.o
 .text.LL_RCC_MSIS_GetRangeAfterStandby
                0x08008050       0x1c ./Drivers/STM32U5xx_HAL_Driver/Src/stm32u5xx_ll_rcc.o
 .text.LL_RCC_GetSysClkSource
                0x0800806c       0x1c ./Drivers/STM32U5xx_HAL_Driver/Src/stm32u5xx_ll_rcc.o
 .text.LL_RCC_GetAHBPrescaler
                0x08008088       0x1c ./Drivers/STM32U5xx_HAL_Driver/Src/stm32u5xx_ll_rcc.o
 .text.LL_RCC_GetAPB1Prescaler
                0x080080a4       0x1c ./Drivers/STM32U5xx_HAL_Driver/Src/stm32u5xx_ll_rcc.o
 .text.LL_RCC_GetAPB2Prescaler
                0x080080c0       0x1c ./Drivers/STM32U5xx_HAL_Driver/Src/stm32u5xx_ll_rcc.o
 .text.LL_RCC_GetAPB3Prescaler
                0x080080dc       0x1c ./Drivers/STM32U5xx_HAL_Driver/Src/stm32u5xx_ll_rcc.o
 .text.LL_RCC_GetUSARTClockSource
                0x080080f8       0x48 ./Drivers/STM32U5xx_HAL_Driver/Src/stm32u5xx_ll_rcc.o
 .text.LL_RCC_GetUARTClockSource
                0x08008140       0x28 ./Drivers/STM32U5xx_HAL_Driver/Src/stm32u5xx_ll_rcc.o
 .text.LL_RCC_GetLPUARTClockSource
                0x08008168       0x24 ./Drivers/STM32U5xx_HAL_Driver/Src/stm32u5xx_ll_rcc.o
 .text.LL_RCC_PLL1_GetMainSource
                0x0800818c       0x1c ./Drivers/STM32U5xx_HAL_Driver/Src/stm32u5xx_ll_rcc.o
 .text.LL_RCC_PLL1_GetN
                0x080081a8       0x1c ./Drivers/STM32U5xx_HAL_Driver/Src/stm32u5xx_ll_rcc.o
 .text.LL_RCC_PLL1_GetR
                0x080081c4       0x20 ./Drivers/STM32U5xx_HAL_Driver/Src/stm32u5xx_ll_rcc.o
 .text.LL_RCC_PLL1_GetDivider
                0x080081e4       0x20 ./Drivers/STM32U5xx_HAL_Driver/Src/stm32u5xx_ll_rcc.o
 .text.LL_RCC_GetUSARTClockFreq
                0x08008204      0x198 ./Drivers/STM32U5xx_HAL_Driver/Src/stm32u5xx_ll_rcc.o
                0x08008204                LL_RCC_GetUSARTClockFreq
 .text.LL_RCC_GetUARTClockFreq
                0x0800839c      0x12c ./Drivers/STM32U5xx_HAL_Driver/Src/stm32u5xx_ll_rcc.o
                0x0800839c                LL_RCC_GetUARTClockFreq
 .text.LL_RCC_GetLPUARTClockFreq
                0x080084c8       0x8c ./Drivers/STM32U5xx_HAL_Driver/Src/stm32u5xx_ll_rcc.o
                0x080084c8                LL_RCC_GetLPUARTClockFreq
 .text.RCC_GetSystemClockFreq
                0x08008554      0x13c ./Drivers/STM32U5xx_HAL_Driver/Src/stm32u5xx_ll_rcc.o
 .text.RCC_GetHCLKClockFreq
                0x08008690       0x28 ./Drivers/STM32U5xx_HAL_Driver/Src/stm32u5xx_ll_rcc.o
 .text.RCC_GetPCLK1ClockFreq
                0x080086b8       0x2c ./Drivers/STM32U5xx_HAL_Driver/Src/stm32u5xx_ll_rcc.o
 .text.RCC_GetPCLK2ClockFreq
                0x080086e4       0x28 ./Drivers/STM32U5xx_HAL_Driver/Src/stm32u5xx_ll_rcc.o
 .text.RCC_GetPCLK3ClockFreq
                0x0800870c       0x28 ./Drivers/STM32U5xx_HAL_Driver/Src/stm32u5xx_ll_rcc.o
 .text.RCC_PLL1_GetFreqDomain_SYS
                0x08008734      0x12c ./Drivers/STM32U5xx_HAL_Driver/Src/stm32u5xx_ll_rcc.o
 .text.LL_RTC_SetHourFormat
                0x08008860       0x26 ./Drivers/STM32U5xx_HAL_Driver/Src/stm32u5xx_ll_rtc.o
 .text.LL_RTC_EnableInitMode
                0x08008886       0x20 ./Drivers/STM32U5xx_HAL_Driver/Src/stm32u5xx_ll_rtc.o
 .text.LL_RTC_DisableInitMode
                0x080088a6       0x20 ./Drivers/STM32U5xx_HAL_Driver/Src/stm32u5xx_ll_rtc.o
 .text.LL_RTC_SetAsynchPrescaler
                0x080088c6       0x28 ./Drivers/STM32U5xx_HAL_Driver/Src/stm32u5xx_ll_rtc.o
 .text.LL_RTC_SetSynchPrescaler
                0x080088ee       0x2a ./Drivers/STM32U5xx_HAL_Driver/Src/stm32u5xx_ll_rtc.o
 .text.LL_RTC_EnableWriteProtection
                0x08008918       0x1a ./Drivers/STM32U5xx_HAL_Driver/Src/stm32u5xx_ll_rtc.o
 .text.LL_RTC_DisableWriteProtection
                0x08008932       0x20 ./Drivers/STM32U5xx_HAL_Driver/Src/stm32u5xx_ll_rtc.o
 .text.LL_RTC_IsActiveFlag_INIT
                0x08008952       0x26 ./Drivers/STM32U5xx_HAL_Driver/Src/stm32u5xx_ll_rtc.o
 .text.LL_SYSTICK_IsActiveCounterFlag
                0x08008978       0x28 ./Drivers/STM32U5xx_HAL_Driver/Src/stm32u5xx_ll_rtc.o
 .text.LL_RTC_Init
                0x080089a0       0x5e ./Drivers/STM32U5xx_HAL_Driver/Src/stm32u5xx_ll_rtc.o
                0x080089a0                LL_RTC_Init
 .text.LL_RTC_EnterInitMode
                0x080089fe       0x66 ./Drivers/STM32U5xx_HAL_Driver/Src/stm32u5xx_ll_rtc.o
                0x080089fe                LL_RTC_EnterInitMode
 .text.LL_USART_IsEnabled
                0x08008a64       0x26 ./Drivers/STM32U5xx_HAL_Driver/Src/stm32u5xx_ll_usart.o
 .text.LL_USART_SetPrescaler
                0x08008a8a       0x28 ./Drivers/STM32U5xx_HAL_Driver/Src/stm32u5xx_ll_usart.o
 .text.LL_USART_SetStopBitsLength
                0x08008ab2       0x26 ./Drivers/STM32U5xx_HAL_Driver/Src/stm32u5xx_ll_usart.o
 .text.LL_USART_SetHWFlowCtrl
                0x08008ad8       0x26 ./Drivers/STM32U5xx_HAL_Driver/Src/stm32u5xx_ll_usart.o
 *fill*         0x08008afe        0x2 
 .text.LL_USART_SetBaudRate
                0x08008b00       0xa0 ./Drivers/STM32U5xx_HAL_Driver/Src/stm32u5xx_ll_usart.o
 .text.LL_USART_Init
                0x08008ba0      0x114 ./Drivers/STM32U5xx_HAL_Driver/Src/stm32u5xx_ll_usart.o
                0x08008ba0                LL_USART_Init
 .text.USB_CoreInit
                0x08008cb4       0x5a ./Drivers/STM32U5xx_HAL_Driver/Src/stm32u5xx_ll_usb.o
                0x08008cb4                USB_CoreInit
 .text.USB_DisableGlobalInt
                0x08008d0e       0x22 ./Drivers/STM32U5xx_HAL_Driver/Src/stm32u5xx_ll_usb.o
                0x08008d0e                USB_DisableGlobalInt
 .text.USB_SetCurrentMode
                0x08008d30       0x98 ./Drivers/STM32U5xx_HAL_Driver/Src/stm32u5xx_ll_usb.o
                0x08008d30                USB_SetCurrentMode
 .text.USB_DevInit
                0x08008dc8      0x298 ./Drivers/STM32U5xx_HAL_Driver/Src/stm32u5xx_ll_usb.o
                0x08008dc8                USB_DevInit
 .text.USB_FlushTxFifo
                0x08009060       0x64 ./Drivers/STM32U5xx_HAL_Driver/Src/stm32u5xx_ll_usb.o
                0x08009060                USB_FlushTxFifo
 .text.USB_FlushRxFifo
                0x080090c4       0x5c ./Drivers/STM32U5xx_HAL_Driver/Src/stm32u5xx_ll_usb.o
                0x080090c4                USB_FlushRxFifo
 .text.USB_SetDevSpeed
                0x08009120       0x32 ./Drivers/STM32U5xx_HAL_Driver/Src/stm32u5xx_ll_usb.o
                0x08009120                USB_SetDevSpeed
 .text.USB_DevDisconnect
                0x08009152       0x42 ./Drivers/STM32U5xx_HAL_Driver/Src/stm32u5xx_ll_usb.o
                0x08009152                USB_DevDisconnect
 .text.USB_GetMode
                0x08009194       0x1c ./Drivers/STM32U5xx_HAL_Driver/Src/stm32u5xx_ll_usb.o
                0x08009194                USB_GetMode
 .text.USB_CoreReset
                0x080091b0       0x62 ./Drivers/STM32U5xx_HAL_Driver/Src/stm32u5xx_ll_usb.o
 .text.memset   0x08009212       0x10 /Applications/STM32CubeIDE.app/Contents/Eclipse/plugins/com.st.stm32cube.ide.mcu.externaltools.gnu-tools-for-stm32.12.3.rel1.macos64_1.0.200.202406191456/tools/bin/../lib/gcc/arm-none-eabi/12.3.1/../../../../arm-none-eabi/lib/thumb/v8-m.main+fp/hard/libc_nano.a(libc_a-memset.o)
                0x08009212                memset
 *fill*         0x08009222        0x2 
 .text.__libc_init_array
                0x08009224       0x48 /Applications/STM32CubeIDE.app/Contents/Eclipse/plugins/com.st.stm32cube.ide.mcu.externaltools.gnu-tools-for-stm32.12.3.rel1.macos64_1.0.200.202406191456/tools/bin/../lib/gcc/arm-none-eabi/12.3.1/../../../../arm-none-eabi/lib/thumb/v8-m.main+fp/hard/libc_nano.a(libc_a-init.o)
                0x08009224                __libc_init_array
 *(.glue_7)
 .glue_7        0x0800926c        0x0 linker stubs
 *(.glue_7t)
 .glue_7t       0x0800926c        0x0 linker stubs
 *(.eh_frame)
 .eh_frame      0x0800926c        0x0 /Applications/STM32CubeIDE.app/Contents/Eclipse/plugins/com.st.stm32cube.ide.mcu.externaltools.gnu-tools-for-stm32.12.3.rel1.macos64_1.0.200.202406191456/tools/bin/../lib/gcc/arm-none-eabi/12.3.1/thumb/v8-m.main+fp/hard/crtbegin.o
 *(.init)
 .init          0x0800926c        0x4 /Applications/STM32CubeIDE.app/Contents/Eclipse/plugins/com.st.stm32cube.ide.mcu.externaltools.gnu-tools-for-stm32.12.3.rel1.macos64_1.0.200.202406191456/tools/bin/../lib/gcc/arm-none-eabi/12.3.1/thumb/v8-m.main+fp/hard/crti.o
                0x0800926c                _init
 .init          0x08009270        0x8 /Applications/STM32CubeIDE.app/Contents/Eclipse/plugins/com.st.stm32cube.ide.mcu.externaltools.gnu-tools-for-stm32.12.3.rel1.macos64_1.0.200.202406191456/tools/bin/../lib/gcc/arm-none-eabi/12.3.1/thumb/v8-m.main+fp/hard/crtn.o
 *(.fini)
 .fini          0x08009278        0x4 /Applications/STM32CubeIDE.app/Contents/Eclipse/plugins/com.st.stm32cube.ide.mcu.externaltools.gnu-tools-for-stm32.12.3.rel1.macos64_1.0.200.202406191456/tools/bin/../lib/gcc/arm-none-eabi/12.3.1/thumb/v8-m.main+fp/hard/crti.o
                0x08009278                _fini
 .fini          0x0800927c        0x8 /Applications/STM32CubeIDE.app/Contents/Eclipse/plugins/com.st.stm32cube.ide.mcu.externaltools.gnu-tools-for-stm32.12.3.rel1.macos64_1.0.200.202406191456/tools/bin/../lib/gcc/arm-none-eabi/12.3.1/thumb/v8-m.main+fp/hard/crtn.o
                0x08009284                        _etext = .

.vfp11_veneer   0x08009284        0x0
 .vfp11_veneer  0x08009284        0x0 linker stubs

.v4_bx          0x08009284        0x0
 .v4_bx         0x08009284        0x0 linker stubs

.iplt           0x08009284        0x0
 .iplt          0x08009284        0x0 /Applications/STM32CubeIDE.app/Contents/Eclipse/plugins/com.st.stm32cube.ide.mcu.externaltools.gnu-tools-for-stm32.12.3.rel1.macos64_1.0.200.202406191456/tools/bin/../lib/gcc/arm-none-eabi/12.3.1/thumb/v8-m.main+fp/hard/crtbegin.o

.rodata         0x08009284      0x120
 *(.rodata)
 *(.rodata*)
 .rodata.AHBPrescTable
                0x08009284       0x10 ./Core/Src/system_stm32u5xx.o
                0x08009284                AHBPrescTable
 .rodata.APBPrescTable
                0x08009294        0x8 ./Core/Src/system_stm32u5xx.o
                0x08009294                APBPrescTable
 .rodata.MSIRangeTable
                0x0800929c       0x40 ./Core/Src/system_stm32u5xx.o
                0x0800929c                MSIRangeTable
 .rodata.LPGPIO_Map
                0x080092dc       0x80 ./Drivers/STM32U5xx_HAL_Driver/Src/stm32u5xx_hal_gpio.o
 .rodata.LPUART_PRESCALER_TAB
                0x0800935c       0x18 ./Drivers/STM32U5xx_HAL_Driver/Src/stm32u5xx_ll_lpuart.o
 .rodata.USART_PRESCALER_TAB
                0x08009374       0x30 ./Drivers/STM32U5xx_HAL_Driver/Src/stm32u5xx_ll_usart.o

.ARM.extab
 *(.ARM.extab* .gnu.linkonce.armextab.*)

.ARM            0x080093a4        0x8
                0x080093a4                        __exidx_start = .
 *(.ARM.exidx*)
 .ARM.exidx     0x080093a4        0x8 /Applications/STM32CubeIDE.app/Contents/Eclipse/plugins/com.st.stm32cube.ide.mcu.externaltools.gnu-tools-for-stm32.12.3.rel1.macos64_1.0.200.202406191456/tools/bin/../lib/gcc/arm-none-eabi/12.3.1/thumb/v8-m.main+fp/hard/libgcc.a(_udivmoddi4.o)
                0x080093ac                        __exidx_end = .

.preinit_array  0x080093ac        0x0
                0x080093ac                        PROVIDE (__preinit_array_start = .)
 *(.preinit_array*)
                0x080093ac                        PROVIDE (__preinit_array_end = .)

.init_array     0x080093ac        0x4
                0x080093ac                        PROVIDE (__init_array_start = .)
 *(SORT_BY_NAME(.init_array.*))
 *(.init_array*)
 .init_array    0x080093ac        0x4 /Applications/STM32CubeIDE.app/Contents/Eclipse/plugins/com.st.stm32cube.ide.mcu.externaltools.gnu-tools-for-stm32.12.3.rel1.macos64_1.0.200.202406191456/tools/bin/../lib/gcc/arm-none-eabi/12.3.1/thumb/v8-m.main+fp/hard/crtbegin.o
                0x080093b0                        PROVIDE (__init_array_end = .)

.fini_array     0x080093b0        0x4
                [!provide]                        PROVIDE (__fini_array_start = .)
 *(SORT_BY_NAME(.fini_array.*))
 *(.fini_array*)
 .fini_array    0x080093b0        0x4 /Applications/STM32CubeIDE.app/Contents/Eclipse/plugins/com.st.stm32cube.ide.mcu.externaltools.gnu-tools-for-stm32.12.3.rel1.macos64_1.0.200.202406191456/tools/bin/../lib/gcc/arm-none-eabi/12.3.1/thumb/v8-m.main+fp/hard/crtbegin.o
                [!provide]                        PROVIDE (__fini_array_end = .)
                0x080093b4                        _sidata = LOADADDR (.data)

.rel.dyn        0x080093b4        0x0
 .rel.iplt      0x080093b4        0x0 /Applications/STM32CubeIDE.app/Contents/Eclipse/plugins/com.st.stm32cube.ide.mcu.externaltools.gnu-tools-for-stm32.12.3.rel1.macos64_1.0.200.202406191456/tools/bin/../lib/gcc/arm-none-eabi/12.3.1/thumb/v8-m.main+fp/hard/crtbegin.o

.data           0x20000000        0x9 load address 0x080093b4
                0x20000000                        _sdata = .
 *(.data)
 *(.data*)
 .data.SystemCoreClock
                0x20000000        0x4 ./Core/Src/system_stm32u5xx.o
                0x20000000                SystemCoreClock
 .data.uwTickPrio
                0x20000004        0x4 ./Drivers/STM32U5xx_HAL_Driver/Src/stm32u5xx_hal.o
                0x20000004                uwTickPrio
 .data.uwTickFreq
                0x20000008        0x1 ./Drivers/STM32U5xx_HAL_Driver/Src/stm32u5xx_hal.o
                0x20000008                uwTickFreq
 *(.RamFunc)
 *(.RamFunc*)
                0x20000009                        _edata = .

.igot.plt       0x2000000c        0x0 load address 0x080093bd
 .igot.plt      0x2000000c        0x0 /Applications/STM32CubeIDE.app/Contents/Eclipse/plugins/com.st.stm32cube.ide.mcu.externaltools.gnu-tools-for-stm32.12.3.rel1.macos64_1.0.200.202406191456/tools/bin/../lib/gcc/arm-none-eabi/12.3.1/thumb/v8-m.main+fp/hard/crtbegin.o

.bss            0x2000000c      0x988 load address 0x080093bd
                0x2000000c                        _sbss = .
                0x2000000c                        __bss_start__ = _sbss
 *(.bss)
 .bss           0x2000000c       0x1c /Applications/STM32CubeIDE.app/Contents/Eclipse/plugins/com.st.stm32cube.ide.mcu.externaltools.gnu-tools-for-stm32.12.3.rel1.macos64_1.0.200.202406191456/tools/bin/../lib/gcc/arm-none-eabi/12.3.1/thumb/v8-m.main+fp/hard/crtbegin.o
 *(.bss*)
 .bss.hadc1     0x20000028       0x8c ./Core/Src/adc.o
                0x20000028                hadc1
 .bss.hi2c1     0x200000b4       0x54 ./Core/Src/i2c.o
                0x200000b4                hi2c1
 .bss.hspi2     0x20000108       0xbc ./Core/Src/spi.o
                0x20000108                hspi2
 .bss.hspi3     0x200001c4       0xbc ./Core/Src/spi.o
                0x200001c4                hspi3
 .bss.handle_GPDMA1_Channel15
                0x20000280       0x78 ./Core/Src/spi.o
                0x20000280                handle_GPDMA1_Channel15
 .bss.handle_GPDMA1_Channel14
                0x200002f8       0x78 ./Core/Src/spi.o
                0x200002f8                handle_GPDMA1_Channel14
 .bss.handle_GPDMA1_Channel13
                0x20000370       0x78 ./Core/Src/spi.o
                0x20000370                handle_GPDMA1_Channel13
 .bss.handle_GPDMA1_Channel12
                0x200003e8       0x78 ./Core/Src/spi.o
                0x200003e8                handle_GPDMA1_Channel12
 .bss.htim8     0x20000460       0x4c ./Core/Src/stm32u5xx_hal_timebase_tim.o
                0x20000460                htim8
 .bss.hpcd_USB_OTG_FS
                0x200004ac      0x4e4 ./Core/Src/usb_otg.o
                0x200004ac                hpcd_USB_OTG_FS
 .bss.uwTick    0x20000990        0x4 ./Drivers/STM32U5xx_HAL_Driver/Src/stm32u5xx_hal.o
                0x20000990                uwTick
 *(COMMON)
                0x20000994                        _ebss = .
                0x20000994                        __bss_end__ = _ebss

._user_heap_stack
                0x20000994      0x604 load address 0x080093bd
                0x20000998                        . = ALIGN (0x8)
 *fill*         0x20000994        0x4 
                [!provide]                        PROVIDE (end = .)
                0x20000998                        PROVIDE (_end = .)
                0x20000b98                        . = (. + _Min_Heap_Size)
 *fill*         0x20000998      0x200 
                0x20000f98                        . = (. + _Min_Stack_Size)
 *fill*         0x20000b98      0x400 
                0x20000f98                        . = ALIGN (0x8)

/DISCARD/
 libc.a(*)
 libm.a(*)
 libgcc.a(*)

.ARM.attributes
                0x00000000       0x36
 *(.ARM.attributes)
 .ARM.attributes
                0x00000000       0x26 /Applications/STM32CubeIDE.app/Contents/Eclipse/plugins/com.st.stm32cube.ide.mcu.externaltools.gnu-tools-for-stm32.12.3.rel1.macos64_1.0.200.202406191456/tools/bin/../lib/gcc/arm-none-eabi/12.3.1/thumb/v8-m.main+fp/hard/crti.o
 .ARM.attributes
                0x00000026       0x38 /Applications/STM32CubeIDE.app/Contents/Eclipse/plugins/com.st.stm32cube.ide.mcu.externaltools.gnu-tools-for-stm32.12.3.rel1.macos64_1.0.200.202406191456/tools/bin/../lib/gcc/arm-none-eabi/12.3.1/thumb/v8-m.main+fp/hard/crtbegin.o
 .ARM.attributes
                0x0000005e       0x3a ./Core/Src/adc.o
 .ARM.attributes
                0x00000098       0x3a ./Core/Src/gpdma.o
 .ARM.attributes
                0x000000d2       0x3a ./Core/Src/gpio.o
 .ARM.attributes
                0x0000010c       0x3a ./Core/Src/i2c.o
 .ARM.attributes
                0x00000146       0x3a ./Core/Src/icache.o
 .ARM.attributes
                0x00000180       0x3a ./Core/Src/iwdg.o
 .ARM.attributes
                0x000001ba       0x3a ./Core/Src/main.o
 .ARM.attributes
                0x000001f4       0x3a ./Core/Src/rtc.o
 .ARM.attributes
                0x0000022e       0x3a ./Core/Src/spi.o
 .ARM.attributes
                0x00000268       0x3a ./Core/Src/stm32u5xx_hal_msp.o
 .ARM.attributes
                0x000002a2       0x3a ./Core/Src/stm32u5xx_hal_timebase_tim.o
 .ARM.attributes
                0x000002dc       0x3a ./Core/Src/stm32u5xx_it.o
 .ARM.attributes
                0x00000316       0x3a ./Core/Src/system_stm32u5xx.o
 .ARM.attributes
                0x00000350       0x3a ./Core/Src/usart.o
 .ARM.attributes
                0x0000038a       0x3a ./Core/Src/usb_otg.o
 .ARM.attributes
                0x000003c4       0x24 ./Core/Startup/startup_stm32u575citxq.o
 .ARM.attributes
                0x000003e8       0x3a ./Drivers/STM32U5xx_HAL_Driver/Src/stm32u5xx_hal.o
 .ARM.attributes
                0x00000422       0x3a ./Drivers/STM32U5xx_HAL_Driver/Src/stm32u5xx_hal_adc.o
 .ARM.attributes
                0x0000045c       0x3a ./Drivers/STM32U5xx_HAL_Driver/Src/stm32u5xx_hal_cortex.o
 .ARM.attributes
                0x00000496       0x3a ./Drivers/STM32U5xx_HAL_Driver/Src/stm32u5xx_hal_dma.o
 .ARM.attributes
                0x000004d0       0x3a ./Drivers/STM32U5xx_HAL_Driver/Src/stm32u5xx_hal_gpio.o
 .ARM.attributes
                0x0000050a       0x3a ./Drivers/STM32U5xx_HAL_Driver/Src/stm32u5xx_hal_i2c.o
 .ARM.attributes
                0x00000544       0x3a ./Drivers/STM32U5xx_HAL_Driver/Src/stm32u5xx_hal_i2c_ex.o
 .ARM.attributes
                0x0000057e       0x3a ./Drivers/STM32U5xx_HAL_Driver/Src/stm32u5xx_hal_icache.o
 .ARM.attributes
                0x000005b8       0x3a ./Drivers/STM32U5xx_HAL_Driver/Src/stm32u5xx_hal_pcd.o
 .ARM.attributes
                0x000005f2       0x3a ./Drivers/STM32U5xx_HAL_Driver/Src/stm32u5xx_hal_pcd_ex.o
 .ARM.attributes
                0x0000062c       0x3a ./Drivers/STM32U5xx_HAL_Driver/Src/stm32u5xx_hal_pwr.o
 .ARM.attributes
                0x00000666       0x3a ./Drivers/STM32U5xx_HAL_Driver/Src/stm32u5xx_hal_pwr_ex.o
 .ARM.attributes
                0x000006a0       0x3a ./Drivers/STM32U5xx_HAL_Driver/Src/stm32u5xx_hal_rcc.o
 .ARM.attributes
                0x000006da       0x3a ./Drivers/STM32U5xx_HAL_Driver/Src/stm32u5xx_hal_rcc_ex.o
 .ARM.attributes
                0x00000714       0x3a ./Drivers/STM32U5xx_HAL_Driver/Src/stm32u5xx_hal_spi.o
 .ARM.attributes
                0x0000074e       0x3a ./Drivers/STM32U5xx_HAL_Driver/Src/stm32u5xx_hal_spi_ex.o
 .ARM.attributes
                0x00000788       0x3a ./Drivers/STM32U5xx_HAL_Driver/Src/stm32u5xx_hal_tim.o
 .ARM.attributes
                0x000007c2       0x3a ./Drivers/STM32U5xx_HAL_Driver/Src/stm32u5xx_hal_tim_ex.o
 .ARM.attributes
                0x000007fc       0x3a ./Drivers/STM32U5xx_HAL_Driver/Src/stm32u5xx_ll_exti.o
 .ARM.attributes
                0x00000836       0x3a ./Drivers/STM32U5xx_HAL_Driver/Src/stm32u5xx_ll_gpio.o
 .ARM.attributes
                0x00000870       0x3a ./Drivers/STM32U5xx_HAL_Driver/Src/stm32u5xx_ll_lpuart.o
 .ARM.attributes
                0x000008aa       0x3a ./Drivers/STM32U5xx_HAL_Driver/Src/stm32u5xx_ll_rcc.o
 .ARM.attributes
                0x000008e4       0x3a ./Drivers/STM32U5xx_HAL_Driver/Src/stm32u5xx_ll_rtc.o
 .ARM.attributes
                0x0000091e       0x3a ./Drivers/STM32U5xx_HAL_Driver/Src/stm32u5xx_ll_usart.o
 .ARM.attributes
                0x00000958       0x3a ./Drivers/STM32U5xx_HAL_Driver/Src/stm32u5xx_ll_usb.o
 .ARM.attributes
                0x00000992       0x38 /Applications/STM32CubeIDE.app/Contents/Eclipse/plugins/com.st.stm32cube.ide.mcu.externaltools.gnu-tools-for-stm32.12.3.rel1.macos64_1.0.200.202406191456/tools/bin/../lib/gcc/arm-none-eabi/12.3.1/../../../../arm-none-eabi/lib/thumb/v8-m.main+fp/hard/libc_nano.a(libc_a-memset.o)
 .ARM.attributes
                0x000009ca       0x38 /Applications/STM32CubeIDE.app/Contents/Eclipse/plugins/com.st.stm32cube.ide.mcu.externaltools.gnu-tools-for-stm32.12.3.rel1.macos64_1.0.200.202406191456/tools/bin/../lib/gcc/arm-none-eabi/12.3.1/../../../../arm-none-eabi/lib/thumb/v8-m.main+fp/hard/libc_nano.a(libc_a-init.o)
 .ARM.attributes
                0x00000a02       0x26 /Applications/STM32CubeIDE.app/Contents/Eclipse/plugins/com.st.stm32cube.ide.mcu.externaltools.gnu-tools-for-stm32.12.3.rel1.macos64_1.0.200.202406191456/tools/bin/../lib/gcc/arm-none-eabi/12.3.1/thumb/v8-m.main+fp/hard/libgcc.a(_aeabi_uldivmod.o)
 .ARM.attributes
                0x00000a28       0x38 /Applications/STM32CubeIDE.app/Contents/Eclipse/plugins/com.st.stm32cube.ide.mcu.externaltools.gnu-tools-for-stm32.12.3.rel1.macos64_1.0.200.202406191456/tools/bin/../lib/gcc/arm-none-eabi/12.3.1/thumb/v8-m.main+fp/hard/libgcc.a(_udivmoddi4.o)
 .ARM.attributes
                0x00000a60       0x26 /Applications/STM32CubeIDE.app/Contents/Eclipse/plugins/com.st.stm32cube.ide.mcu.externaltools.gnu-tools-for-stm32.12.3.rel1.macos64_1.0.200.202406191456/tools/bin/../lib/gcc/arm-none-eabi/12.3.1/thumb/v8-m.main+fp/hard/libgcc.a(_dvmd_tls.o)
 .ARM.attributes
                0x00000a86       0x26 /Applications/STM32CubeIDE.app/Contents/Eclipse/plugins/com.st.stm32cube.ide.mcu.externaltools.gnu-tools-for-stm32.12.3.rel1.macos64_1.0.200.202406191456/tools/bin/../lib/gcc/arm-none-eabi/12.3.1/thumb/v8-m.main+fp/hard/crtn.o
OUTPUT(bm_mote_example.elf elf32-littlearm)
LOAD linker stubs
LOAD /Applications/STM32CubeIDE.app/Contents/Eclipse/plugins/com.st.stm32cube.ide.mcu.externaltools.gnu-tools-for-stm32.12.3.rel1.macos64_1.0.200.202406191456/tools/bin/../lib/gcc/arm-none-eabi/12.3.1/../../../../arm-none-eabi/lib/thumb/v8-m.main+fp/hard/libc.a
LOAD /Applications/STM32CubeIDE.app/Contents/Eclipse/plugins/com.st.stm32cube.ide.mcu.externaltools.gnu-tools-for-stm32.12.3.rel1.macos64_1.0.200.202406191456/tools/bin/../lib/gcc/arm-none-eabi/12.3.1/../../../../arm-none-eabi/lib/thumb/v8-m.main+fp/hard/libm.a
LOAD /Applications/STM32CubeIDE.app/Contents/Eclipse/plugins/com.st.stm32cube.ide.mcu.externaltools.gnu-tools-for-stm32.12.3.rel1.macos64_1.0.200.202406191456/tools/bin/../lib/gcc/arm-none-eabi/12.3.1/thumb/v8-m.main+fp/hard/libgcc.a

.debug_info     0x00000000    0x29fe6
 .debug_info    0x00000000     0x123d ./Core/Src/adc.o
 .debug_info    0x0000123d      0x800 ./Core/Src/gpdma.o
 .debug_info    0x00001a3d     0x138f ./Core/Src/gpio.o
 .debug_info    0x00002dcc     0x11cb ./Core/Src/i2c.o
 .debug_info    0x00003f97      0x1a8 ./Core/Src/icache.o
 .debug_info    0x0000413f      0xb6c ./Core/Src/iwdg.o
 .debug_info    0x00004cab     0x109b ./Core/Src/main.o
 .debug_info    0x00005d46      0xe77 ./Core/Src/rtc.o
 .debug_info    0x00006bbd     0x17d6 ./Core/Src/spi.o
 .debug_info    0x00008393      0x4a3 ./Core/Src/stm32u5xx_hal_msp.o
 .debug_info    0x00008836     0x116b ./Core/Src/stm32u5xx_hal_timebase_tim.o
 .debug_info    0x000099a1     0x107b ./Core/Src/stm32u5xx_it.o
 .debug_info    0x0000aa1c      0x929 ./Core/Src/system_stm32u5xx.o
 .debug_info    0x0000b345     0x196a ./Core/Src/usart.o
 .debug_info    0x0000ccaf      0xfd1 ./Core/Src/usb_otg.o
 .debug_info    0x0000dc80       0x30 ./Core/Startup/startup_stm32u575citxq.o
 .debug_info    0x0000dcb0     0x11dd ./Drivers/STM32U5xx_HAL_Driver/Src/stm32u5xx_hal.o
 .debug_info    0x0000ee8d     0x2669 ./Drivers/STM32U5xx_HAL_Driver/Src/stm32u5xx_hal_adc.o
 .debug_info    0x000114f6     0x163a ./Drivers/STM32U5xx_HAL_Driver/Src/stm32u5xx_hal_cortex.o
 .debug_info    0x00012b30      0xadc ./Drivers/STM32U5xx_HAL_Driver/Src/stm32u5xx_hal_dma.o
 .debug_info    0x0001360c      0x859 ./Drivers/STM32U5xx_HAL_Driver/Src/stm32u5xx_hal_gpio.o
 .debug_info    0x00013e65     0x231f ./Drivers/STM32U5xx_HAL_Driver/Src/stm32u5xx_hal_i2c.o
 .debug_info    0x00016184      0x9ff ./Drivers/STM32U5xx_HAL_Driver/Src/stm32u5xx_hal_i2c_ex.o
 .debug_info    0x00016b83      0x4d6 ./Drivers/STM32U5xx_HAL_Driver/Src/stm32u5xx_hal_icache.o
 .debug_info    0x00017059     0x1586 ./Drivers/STM32U5xx_HAL_Driver/Src/stm32u5xx_hal_pcd.o
 .debug_info    0x000185df      0x8bd ./Drivers/STM32U5xx_HAL_Driver/Src/stm32u5xx_hal_pcd_ex.o
 .debug_info    0x00018e9c      0xa5e ./Drivers/STM32U5xx_HAL_Driver/Src/stm32u5xx_hal_pwr.o
 .debug_info    0x000198fa      0xe3e ./Drivers/STM32U5xx_HAL_Driver/Src/stm32u5xx_hal_pwr_ex.o
 .debug_info    0x0001a738     0x11f0 ./Drivers/STM32U5xx_HAL_Driver/Src/stm32u5xx_hal_rcc.o
 .debug_info    0x0001b928     0x157f ./Drivers/STM32U5xx_HAL_Driver/Src/stm32u5xx_hal_rcc_ex.o
 .debug_info    0x0001cea7     0x1725 ./Drivers/STM32U5xx_HAL_Driver/Src/stm32u5xx_hal_spi.o
 .debug_info    0x0001e5cc      0xb26 ./Drivers/STM32U5xx_HAL_Driver/Src/stm32u5xx_hal_spi_ex.o
 .debug_info    0x0001f0f2     0x2e54 ./Drivers/STM32U5xx_HAL_Driver/Src/stm32u5xx_hal_tim.o
 .debug_info    0x00021f46     0x22e0 ./Drivers/STM32U5xx_HAL_Driver/Src/stm32u5xx_hal_tim_ex.o
 .debug_info    0x00024226      0x3d6 ./Drivers/STM32U5xx_HAL_Driver/Src/stm32u5xx_ll_exti.o
 .debug_info    0x000245fc      0xb17 ./Drivers/STM32U5xx_HAL_Driver/Src/stm32u5xx_ll_gpio.o
 .debug_info    0x00025113      0x7cc ./Drivers/STM32U5xx_HAL_Driver/Src/stm32u5xx_ll_lpuart.o
 .debug_info    0x000258df     0x133d ./Drivers/STM32U5xx_HAL_Driver/Src/stm32u5xx_ll_rcc.o
 .debug_info    0x00026c1c     0x1001 ./Drivers/STM32U5xx_HAL_Driver/Src/stm32u5xx_ll_rtc.o
 .debug_info    0x00027c1d      0x927 ./Drivers/STM32U5xx_HAL_Driver/Src/stm32u5xx_ll_usart.o
 .debug_info    0x00028544     0x1aa2 ./Drivers/STM32U5xx_HAL_Driver/Src/stm32u5xx_ll_usb.o

.debug_abbrev   0x00000000     0x57e5
 .debug_abbrev  0x00000000      0x1fb ./Core/Src/adc.o
 .debug_abbrev  0x000001fb      0x128 ./Core/Src/gpdma.o
 .debug_abbrev  0x00000323      0x28a ./Core/Src/gpio.o
 .debug_abbrev  0x000005ad      0x23b ./Core/Src/i2c.o
 .debug_abbrev  0x000007e8       0xe1 ./Core/Src/icache.o
 .debug_abbrev  0x000008c9      0x1d4 ./Core/Src/iwdg.o
 .debug_abbrev  0x00000a9d      0x271 ./Core/Src/main.o
 .debug_abbrev  0x00000d0e      0x1be ./Core/Src/rtc.o
 .debug_abbrev  0x00000ecc      0x292 ./Core/Src/spi.o
 .debug_abbrev  0x0000115e       0xe5 ./Core/Src/stm32u5xx_hal_msp.o
 .debug_abbrev  0x00001243      0x241 ./Core/Src/stm32u5xx_hal_timebase_tim.o
 .debug_abbrev  0x00001484      0x246 ./Core/Src/stm32u5xx_it.o
 .debug_abbrev  0x000016ca      0x129 ./Core/Src/system_stm32u5xx.o
 .debug_abbrev  0x000017f3      0x2a6 ./Core/Src/usart.o
 .debug_abbrev  0x00001a99      0x246 ./Core/Src/usb_otg.o
 .debug_abbrev  0x00001cdf       0x24 ./Core/Startup/startup_stm32u575citxq.o
 .debug_abbrev  0x00001d03      0x2ba ./Drivers/STM32U5xx_HAL_Driver/Src/stm32u5xx_hal.o
 .debug_abbrev  0x00001fbd      0x2ce ./Drivers/STM32U5xx_HAL_Driver/Src/stm32u5xx_hal_adc.o
 .debug_abbrev  0x0000228b      0x311 ./Drivers/STM32U5xx_HAL_Driver/Src/stm32u5xx_hal_cortex.o
 .debug_abbrev  0x0000259c      0x1ff ./Drivers/STM32U5xx_HAL_Driver/Src/stm32u5xx_hal_dma.o
 .debug_abbrev  0x0000279b      0x25a ./Drivers/STM32U5xx_HAL_Driver/Src/stm32u5xx_hal_gpio.o
 .debug_abbrev  0x000029f5      0x271 ./Drivers/STM32U5xx_HAL_Driver/Src/stm32u5xx_hal_i2c.o
 .debug_abbrev  0x00002c66      0x1c0 ./Drivers/STM32U5xx_HAL_Driver/Src/stm32u5xx_hal_i2c_ex.o
 .debug_abbrev  0x00002e26      0x228 ./Drivers/STM32U5xx_HAL_Driver/Src/stm32u5xx_hal_icache.o
 .debug_abbrev  0x0000304e      0x2cd ./Drivers/STM32U5xx_HAL_Driver/Src/stm32u5xx_hal_pcd.o
 .debug_abbrev  0x0000331b      0x25a ./Drivers/STM32U5xx_HAL_Driver/Src/stm32u5xx_hal_pcd_ex.o
 .debug_abbrev  0x00003575      0x235 ./Drivers/STM32U5xx_HAL_Driver/Src/stm32u5xx_hal_pwr.o
 .debug_abbrev  0x000037aa      0x215 ./Drivers/STM32U5xx_HAL_Driver/Src/stm32u5xx_hal_pwr_ex.o
 .debug_abbrev  0x000039bf      0x2cb ./Drivers/STM32U5xx_HAL_Driver/Src/stm32u5xx_hal_rcc.o
 .debug_abbrev  0x00003c8a      0x23d ./Drivers/STM32U5xx_HAL_Driver/Src/stm32u5xx_hal_rcc_ex.o
 .debug_abbrev  0x00003ec7      0x2b3 ./Drivers/STM32U5xx_HAL_Driver/Src/stm32u5xx_hal_spi.o
 .debug_abbrev  0x0000417a      0x1c7 ./Drivers/STM32U5xx_HAL_Driver/Src/stm32u5xx_hal_spi_ex.o
 .debug_abbrev  0x00004341      0x2bd ./Drivers/STM32U5xx_HAL_Driver/Src/stm32u5xx_hal_tim.o
 .debug_abbrev  0x000045fe      0x2d6 ./Drivers/STM32U5xx_HAL_Driver/Src/stm32u5xx_hal_tim_ex.o
 .debug_abbrev  0x000048d4      0x189 ./Drivers/STM32U5xx_HAL_Driver/Src/stm32u5xx_ll_exti.o
 .debug_abbrev  0x00004a5d      0x25d ./Drivers/STM32U5xx_HAL_Driver/Src/stm32u5xx_ll_gpio.o
 .debug_abbrev  0x00004cba      0x1e3 ./Drivers/STM32U5xx_HAL_Driver/Src/stm32u5xx_ll_lpuart.o
 .debug_abbrev  0x00004e9d      0x237 ./Drivers/STM32U5xx_HAL_Driver/Src/stm32u5xx_ll_rcc.o
 .debug_abbrev  0x000050d4      0x263 ./Drivers/STM32U5xx_HAL_Driver/Src/stm32u5xx_ll_rtc.o
 .debug_abbrev  0x00005337      0x1fe ./Drivers/STM32U5xx_HAL_Driver/Src/stm32u5xx_ll_usart.o
 .debug_abbrev  0x00005535      0x2b0 ./Drivers/STM32U5xx_HAL_Driver/Src/stm32u5xx_ll_usb.o

.debug_aranges  0x00000000     0x2488
 .debug_aranges
                0x00000000       0x30 ./Core/Src/adc.o
 .debug_aranges
                0x00000030       0x20 ./Core/Src/gpdma.o
 .debug_aranges
                0x00000050       0x68 ./Core/Src/gpio.o
 .debug_aranges
                0x000000b8       0x30 ./Core/Src/i2c.o
 .debug_aranges
                0x000000e8       0x20 ./Core/Src/icache.o
 .debug_aranges
                0x00000108       0x70 ./Core/Src/iwdg.o
 .debug_aranges
                0x00000178       0x40 ./Core/Src/main.o
 .debug_aranges
                0x000001b8       0x50 ./Core/Src/rtc.o
 .debug_aranges
                0x00000208       0x38 ./Core/Src/spi.o
 .debug_aranges
                0x00000240       0x20 ./Core/Src/stm32u5xx_hal_msp.o
 .debug_aranges
                0x00000260       0x30 ./Core/Src/stm32u5xx_hal_timebase_tim.o
 .debug_aranges
                0x00000290       0x90 ./Core/Src/stm32u5xx_it.o
 .debug_aranges
                0x00000320       0x28 ./Core/Src/system_stm32u5xx.o
 .debug_aranges
                0x00000348       0xa8 ./Core/Src/usart.o
 .debug_aranges
                0x000003f0       0x30 ./Core/Src/usb_otg.o
 .debug_aranges
                0x00000420       0x28 ./Core/Startup/startup_stm32u575citxq.o
 .debug_aranges
                0x00000448      0x148 ./Drivers/STM32U5xx_HAL_Driver/Src/stm32u5xx_hal.o
 .debug_aranges
                0x00000590      0x270 ./Drivers/STM32U5xx_HAL_Driver/Src/stm32u5xx_hal_adc.o
 .debug_aranges
                0x00000800      0x140 ./Drivers/STM32U5xx_HAL_Driver/Src/stm32u5xx_hal_cortex.o
 .debug_aranges
                0x00000940       0xa0 ./Drivers/STM32U5xx_HAL_Driver/Src/stm32u5xx_hal_dma.o
 .debug_aranges
                0x000009e0       0x78 ./Drivers/STM32U5xx_HAL_Driver/Src/stm32u5xx_hal_gpio.o
 .debug_aranges
                0x00000a58      0x2a0 ./Drivers/STM32U5xx_HAL_Driver/Src/stm32u5xx_hal_i2c.o
 .debug_aranges
                0x00000cf8       0x58 ./Drivers/STM32U5xx_HAL_Driver/Src/stm32u5xx_hal_i2c_ex.o
 .debug_aranges
                0x00000d50       0xa8 ./Drivers/STM32U5xx_HAL_Driver/Src/stm32u5xx_hal_icache.o
 .debug_aranges
                0x00000df8      0x140 ./Drivers/STM32U5xx_HAL_Driver/Src/stm32u5xx_hal_pcd.o
 .debug_aranges
                0x00000f38       0x60 ./Drivers/STM32U5xx_HAL_Driver/Src/stm32u5xx_hal_pcd_ex.o
 .debug_aranges
                0x00000f98       0xb0 ./Drivers/STM32U5xx_HAL_Driver/Src/stm32u5xx_hal_pwr.o
 .debug_aranges
                0x00001048      0x200 ./Drivers/STM32U5xx_HAL_Driver/Src/stm32u5xx_hal_pwr_ex.o
 .debug_aranges
                0x00001248       0xa8 ./Drivers/STM32U5xx_HAL_Driver/Src/stm32u5xx_hal_rcc.o
 .debug_aranges
                0x000012f0      0x160 ./Drivers/STM32U5xx_HAL_Driver/Src/stm32u5xx_hal_rcc_ex.o
 .debug_aranges
                0x00001450      0x1b8 ./Drivers/STM32U5xx_HAL_Driver/Src/stm32u5xx_hal_spi.o
 .debug_aranges
                0x00001608       0x48 ./Drivers/STM32U5xx_HAL_Driver/Src/stm32u5xx_hal_spi_ex.o
 .debug_aranges
                0x00001650      0x3e8 ./Drivers/STM32U5xx_HAL_Driver/Src/stm32u5xx_hal_tim.o
 .debug_aranges
                0x00001a38      0x250 ./Drivers/STM32U5xx_HAL_Driver/Src/stm32u5xx_hal_tim_ex.o
 .debug_aranges
                0x00001c88       0x70 ./Drivers/STM32U5xx_HAL_Driver/Src/stm32u5xx_ll_exti.o
 .debug_aranges
                0x00001cf8       0x70 ./Drivers/STM32U5xx_HAL_Driver/Src/stm32u5xx_ll_gpio.o
 .debug_aranges
                0x00001d68       0x68 ./Drivers/STM32U5xx_HAL_Driver/Src/stm32u5xx_ll_lpuart.o
 .debug_aranges
                0x00001dd0      0x330 ./Drivers/STM32U5xx_HAL_Driver/Src/stm32u5xx_ll_rcc.o
 .debug_aranges
                0x00002100      0x160 ./Drivers/STM32U5xx_HAL_Driver/Src/stm32u5xx_ll_rtc.o
 .debug_aranges
                0x00002260       0x88 ./Drivers/STM32U5xx_HAL_Driver/Src/stm32u5xx_ll_usart.o
 .debug_aranges
                0x000022e8      0x1a0 ./Drivers/STM32U5xx_HAL_Driver/Src/stm32u5xx_ll_usb.o

.debug_rnglists
                0x00000000     0x1beb
 .debug_rnglists
                0x00000000       0x20 ./Core/Src/adc.o
 .debug_rnglists
                0x00000020       0x13 ./Core/Src/gpdma.o
 .debug_rnglists
                0x00000033       0x4a ./Core/Src/gpio.o
 .debug_rnglists
                0x0000007d       0x21 ./Core/Src/i2c.o
 .debug_rnglists
                0x0000009e       0x13 ./Core/Src/icache.o
 .debug_rnglists
                0x000000b1       0x4f ./Core/Src/iwdg.o
 .debug_rnglists
                0x00000100       0x2c ./Core/Src/main.o
 .debug_rnglists
                0x0000012c       0x38 ./Core/Src/rtc.o
 .debug_rnglists
                0x00000164       0x29 ./Core/Src/spi.o
 .debug_rnglists
                0x0000018d       0x13 ./Core/Src/stm32u5xx_hal_msp.o
 .debug_rnglists
                0x000001a0       0x20 ./Core/Src/stm32u5xx_hal_timebase_tim.o
 .debug_rnglists
                0x000001c0       0x67 ./Core/Src/stm32u5xx_it.o
 .debug_rnglists
                0x00000227       0x1a ./Core/Src/system_stm32u5xx.o
 .debug_rnglists
                0x00000241       0x7b ./Core/Src/usart.o
 .debug_rnglists
                0x000002bc       0x20 ./Core/Src/usb_otg.o
 .debug_rnglists
                0x000002dc       0x19 ./Core/Startup/startup_stm32u575citxq.o
 .debug_rnglists
                0x000002f5       0xf3 ./Drivers/STM32U5xx_HAL_Driver/Src/stm32u5xx_hal.o
 .debug_rnglists
                0x000003e8      0x1e2 ./Drivers/STM32U5xx_HAL_Driver/Src/stm32u5xx_hal_adc.o
 .debug_rnglists
                0x000005ca       0xec ./Drivers/STM32U5xx_HAL_Driver/Src/stm32u5xx_hal_cortex.o
 .debug_rnglists
                0x000006b6       0x7e ./Drivers/STM32U5xx_HAL_Driver/Src/stm32u5xx_hal_dma.o
 .debug_rnglists
                0x00000734       0x5a ./Drivers/STM32U5xx_HAL_Driver/Src/stm32u5xx_hal_gpio.o
 .debug_rnglists
                0x0000078e      0x228 ./Drivers/STM32U5xx_HAL_Driver/Src/stm32u5xx_hal_i2c.o
 .debug_rnglists
                0x000009b6       0x43 ./Drivers/STM32U5xx_HAL_Driver/Src/stm32u5xx_hal_i2c_ex.o
 .debug_rnglists
                0x000009f9       0x7a ./Drivers/STM32U5xx_HAL_Driver/Src/stm32u5xx_hal_icache.o
 .debug_rnglists
                0x00000a73       0xf4 ./Drivers/STM32U5xx_HAL_Driver/Src/stm32u5xx_hal_pcd.o
 .debug_rnglists
                0x00000b67       0x45 ./Drivers/STM32U5xx_HAL_Driver/Src/stm32u5xx_hal_pcd_ex.o
 .debug_rnglists
                0x00000bac       0x80 ./Drivers/STM32U5xx_HAL_Driver/Src/stm32u5xx_hal_pwr.o
 .debug_rnglists
                0x00000c2c      0x186 ./Drivers/STM32U5xx_HAL_Driver/Src/stm32u5xx_hal_pwr_ex.o
 .debug_rnglists
                0x00000db2       0x7f ./Drivers/STM32U5xx_HAL_Driver/Src/stm32u5xx_hal_rcc.o
 .debug_rnglists
                0x00000e31      0x113 ./Drivers/STM32U5xx_HAL_Driver/Src/stm32u5xx_hal_rcc_ex.o
 .debug_rnglists
                0x00000f44      0x156 ./Drivers/STM32U5xx_HAL_Driver/Src/stm32u5xx_hal_spi.o
 .debug_rnglists
                0x0000109a       0x35 ./Drivers/STM32U5xx_HAL_Driver/Src/stm32u5xx_hal_spi_ex.o
 .debug_rnglists
                0x000010cf      0x32e ./Drivers/STM32U5xx_HAL_Driver/Src/stm32u5xx_hal_tim.o
 .debug_rnglists
                0x000013fd      0x1d7 ./Drivers/STM32U5xx_HAL_Driver/Src/stm32u5xx_hal_tim_ex.o
 .debug_rnglists
                0x000015d4       0x50 ./Drivers/STM32U5xx_HAL_Driver/Src/stm32u5xx_ll_exti.o
 .debug_rnglists
                0x00001624       0x51 ./Drivers/STM32U5xx_HAL_Driver/Src/stm32u5xx_ll_gpio.o
 .debug_rnglists
                0x00001675       0x4b ./Drivers/STM32U5xx_HAL_Driver/Src/stm32u5xx_ll_lpuart.o
 .debug_rnglists
                0x000016c0      0x278 ./Drivers/STM32U5xx_HAL_Driver/Src/stm32u5xx_ll_rcc.o
 .debug_rnglists
                0x00001938      0x109 ./Drivers/STM32U5xx_HAL_Driver/Src/stm32u5xx_ll_rtc.o
 .debug_rnglists
                0x00001a41       0x64 ./Drivers/STM32U5xx_HAL_Driver/Src/stm32u5xx_ll_usart.o
 .debug_rnglists
                0x00001aa5      0x146 ./Drivers/STM32U5xx_HAL_Driver/Src/stm32u5xx_ll_usb.o

.debug_macro    0x00000000    0x3ef7b
 .debug_macro   0x00000000      0x373 ./Core/Src/adc.o
 .debug_macro   0x00000373      0xac0 ./Core/Src/adc.o
 .debug_macro   0x00000e33      0x1fe ./Core/Src/adc.o
 .debug_macro   0x00001031       0x2e ./Core/Src/adc.o
 .debug_macro   0x0000105f       0x42 ./Core/Src/adc.o
 .debug_macro   0x000010a1       0x22 ./Core/Src/adc.o
 .debug_macro   0x000010c3       0x8e ./Core/Src/adc.o
 .debug_macro   0x00001151       0x51 ./Core/Src/adc.o
 .debug_macro   0x000011a2      0x103 ./Core/Src/adc.o
 .debug_macro   0x000012a5       0x6a ./Core/Src/adc.o
 .debug_macro   0x0000130f      0x1df ./Core/Src/adc.o
 .debug_macro   0x000014ee       0x1c ./Core/Src/adc.o
 .debug_macro   0x0000150a       0x29 ./Core/Src/adc.o
 .debug_macro   0x00001533       0xfb ./Core/Src/adc.o
 .debug_macro   0x0000162e     0x1685 ./Core/Src/adc.o
 .debug_macro   0x00002cb3       0x5e ./Core/Src/adc.o
 .debug_macro   0x00002d11    0x223f5 ./Core/Src/adc.o
 .debug_macro   0x00025106       0x6d ./Core/Src/adc.o
 .debug_macro   0x00025173     0x3873 ./Core/Src/adc.o
 .debug_macro   0x000289e6      0x189 ./Core/Src/adc.o
 .debug_macro   0x00028b6f       0x61 ./Core/Src/adc.o
 .debug_macro   0x00028bd0       0x2a ./Core/Src/adc.o
 .debug_macro   0x00028bfa       0x43 ./Core/Src/adc.o
 .debug_macro   0x00028c3d       0x34 ./Core/Src/adc.o
 .debug_macro   0x00028c71       0x16 ./Core/Src/adc.o
 .debug_macro   0x00028c87       0x43 ./Core/Src/adc.o
 .debug_macro   0x00028cca       0x34 ./Core/Src/adc.o
 .debug_macro   0x00028cfe       0x10 ./Core/Src/adc.o
 .debug_macro   0x00028d0e       0x58 ./Core/Src/adc.o
 .debug_macro   0x00028d66       0x8e ./Core/Src/adc.o
 .debug_macro   0x00028df4       0x1c ./Core/Src/adc.o
 .debug_macro   0x00028e10      0x177 ./Core/Src/adc.o
 .debug_macro   0x00028f87      0x369 ./Core/Src/adc.o
 .debug_macro   0x000292f0      0x19b ./Core/Src/adc.o
 .debug_macro   0x0002948b       0x5d ./Core/Src/adc.o
 .debug_macro   0x000294e8     0x1ae5 ./Core/Src/adc.o
 .debug_macro   0x0002afcd      0x7dc ./Core/Src/adc.o
 .debug_macro   0x0002b7a9      0x166 ./Core/Src/adc.o
 .debug_macro   0x0002b90f      0x2aa ./Core/Src/adc.o
 .debug_macro   0x0002bbb9       0xc9 ./Core/Src/adc.o
 .debug_macro   0x0002bc82      0x5a5 ./Core/Src/adc.o
 .debug_macro   0x0002c227      0x439 ./Core/Src/adc.o
 .debug_macro   0x0002c660       0xd6 ./Core/Src/adc.o
 .debug_macro   0x0002c736      0x1cd ./Core/Src/adc.o
 .debug_macro   0x0002c903     0x1415 ./Core/Src/adc.o
 .debug_macro   0x0002dd18      0x950 ./Core/Src/adc.o
 .debug_macro   0x0002e668      0x2cd ./Core/Src/adc.o
 .debug_macro   0x0002e935      0x432 ./Core/Src/adc.o
 .debug_macro   0x0002ed67       0x95 ./Core/Src/adc.o
 .debug_macro   0x0002edfc      0x11c ./Core/Src/adc.o
 .debug_macro   0x0002ef18      0x23a ./Core/Src/adc.o
 .debug_macro   0x0002f152      0x123 ./Core/Src/adc.o
 .debug_macro   0x0002f275       0xa5 ./Core/Src/adc.o
 .debug_macro   0x0002f31a      0x525 ./Core/Src/adc.o
 .debug_macro   0x0002f83f      0x4bf ./Core/Src/adc.o
 .debug_macro   0x0002fcfe      0x5d6 ./Core/Src/adc.o
 .debug_macro   0x000302d4       0xee ./Core/Src/adc.o
 .debug_macro   0x000303c2       0xd6 ./Core/Src/adc.o
 .debug_macro   0x00030498      0xbcc ./Core/Src/adc.o
 .debug_macro   0x00031064      0x4ea ./Core/Src/adc.o
 .debug_macro   0x0003154e      0x293 ./Core/Src/adc.o
 .debug_macro   0x000317e1       0x90 ./Core/Src/adc.o
 .debug_macro   0x00031871      0x1c0 ./Core/Src/adc.o
 .debug_macro   0x00031a31      0x361 ./Core/Src/adc.o
 .debug_macro   0x00031d92       0x76 ./Core/Src/adc.o
 .debug_macro   0x00031e08      0x34f ./Core/Src/adc.o
 .debug_macro   0x00032157      0xab6 ./Core/Src/adc.o
 .debug_macro   0x00032c0d      0x8e3 ./Core/Src/adc.o
 .debug_macro   0x000334f0      0x447 ./Core/Src/adc.o
 .debug_macro   0x00033937      0x28b ./Core/Src/adc.o
 .debug_macro   0x00033bc2      0x167 ./Core/Src/adc.o
 .debug_macro   0x00033d29      0x19a ./Core/Src/adc.o
 .debug_macro   0x00033ec3       0x8a ./Core/Src/adc.o
 .debug_macro   0x00033f4d      0x36f ./Core/Src/adc.o
 .debug_macro   0x000342bc      0x161 ./Core/Src/adc.o
 .debug_macro   0x0003441d       0xed ./Core/Src/adc.o
 .debug_macro   0x0003450a      0x4e1 ./Core/Src/adc.o
 .debug_macro   0x000349eb      0x8d6 ./Core/Src/adc.o
 .debug_macro   0x000352c1      0x142 ./Core/Src/adc.o
 .debug_macro   0x00035403      0x373 ./Core/Src/gpdma.o
 .debug_macro   0x00035776      0x373 ./Core/Src/gpio.o
 .debug_macro   0x00035ae9      0x373 ./Core/Src/i2c.o
 .debug_macro   0x00035e5c      0x373 ./Core/Src/icache.o
 .debug_macro   0x000361cf      0x373 ./Core/Src/iwdg.o
 .debug_macro   0x00036542      0x3d1 ./Core/Src/main.o
 .debug_macro   0x00036913      0x373 ./Core/Src/rtc.o
 .debug_macro   0x00036c86      0x373 ./Core/Src/spi.o
 .debug_macro   0x00036ff9      0x369 ./Core/Src/stm32u5xx_hal_msp.o
 .debug_macro   0x00037362      0x2dc ./Core/Src/stm32u5xx_hal_timebase_tim.o
 .debug_macro   0x0003763e      0x373 ./Core/Src/stm32u5xx_it.o
 .debug_macro   0x000379b1      0x2e3 ./Core/Src/system_stm32u5xx.o
 .debug_macro   0x00037c94      0x373 ./Core/Src/usart.o
 .debug_macro   0x00038007      0x373 ./Core/Src/usb_otg.o
 .debug_macro   0x0003837a      0x300 ./Drivers/STM32U5xx_HAL_Driver/Src/stm32u5xx_hal.o
 .debug_macro   0x0003867a      0x300 ./Drivers/STM32U5xx_HAL_Driver/Src/stm32u5xx_hal_adc.o
 .debug_macro   0x0003897a      0x2dc ./Drivers/STM32U5xx_HAL_Driver/Src/stm32u5xx_hal_cortex.o
 .debug_macro   0x00038c56      0x2dd ./Drivers/STM32U5xx_HAL_Driver/Src/stm32u5xx_hal_dma.o
 .debug_macro   0x00038f33      0x311 ./Drivers/STM32U5xx_HAL_Driver/Src/stm32u5xx_hal_gpio.o
 .debug_macro   0x00039244      0x3a8 ./Drivers/STM32U5xx_HAL_Driver/Src/stm32u5xx_hal_i2c.o
 .debug_macro   0x000395ec      0x2dc ./Drivers/STM32U5xx_HAL_Driver/Src/stm32u5xx_hal_i2c_ex.o
 .debug_macro   0x000398c8      0x30e ./Drivers/STM32U5xx_HAL_Driver/Src/stm32u5xx_hal_icache.o
 .debug_macro   0x00039bd6      0x2e8 ./Drivers/STM32U5xx_HAL_Driver/Src/stm32u5xx_hal_pcd.o
 .debug_macro   0x00039ebe      0x2dc ./Drivers/STM32U5xx_HAL_Driver/Src/stm32u5xx_hal_pcd_ex.o
 .debug_macro   0x0003a19a      0x2f8 ./Drivers/STM32U5xx_HAL_Driver/Src/stm32u5xx_hal_pwr.o
 .debug_macro   0x0003a492      0x307 ./Drivers/STM32U5xx_HAL_Driver/Src/stm32u5xx_hal_pwr_ex.o
 .debug_macro   0x0003a799      0x3e2 ./Drivers/STM32U5xx_HAL_Driver/Src/stm32u5xx_hal_rcc.o
 .debug_macro   0x0003ab7b      0x406 ./Drivers/STM32U5xx_HAL_Driver/Src/stm32u5xx_hal_rcc_ex.o
 .debug_macro   0x0003af81      0x2e4 ./Drivers/STM32U5xx_HAL_Driver/Src/stm32u5xx_hal_spi.o
 .debug_macro   0x0003b265      0x2dc ./Drivers/STM32U5xx_HAL_Driver/Src/stm32u5xx_hal_spi_ex.o
 .debug_macro   0x0003b541      0x2e4 ./Drivers/STM32U5xx_HAL_Driver/Src/stm32u5xx_hal_tim.o
 .debug_macro   0x0003b825      0x2e2 ./Drivers/STM32U5xx_HAL_Driver/Src/stm32u5xx_hal_tim_ex.o
 .debug_macro   0x0003bb07      0x303 ./Drivers/STM32U5xx_HAL_Driver/Src/stm32u5xx_ll_exti.o
 .debug_macro   0x0003be0a      0x194 ./Drivers/STM32U5xx_HAL_Driver/Src/stm32u5xx_ll_exti.o
 .debug_macro   0x0003bf9e      0x31e ./Drivers/STM32U5xx_HAL_Driver/Src/stm32u5xx_ll_gpio.o
 .debug_macro   0x0003c2bc      0x161 ./Drivers/STM32U5xx_HAL_Driver/Src/stm32u5xx_ll_gpio.o
 .debug_macro   0x0003c41d      0x33f ./Drivers/STM32U5xx_HAL_Driver/Src/stm32u5xx_ll_lpuart.o
 .debug_macro   0x0003c75c      0x349 ./Drivers/STM32U5xx_HAL_Driver/Src/stm32u5xx_ll_lpuart.o
 .debug_macro   0x0003caa5      0x35d ./Drivers/STM32U5xx_HAL_Driver/Src/stm32u5xx_ll_rcc.o
 .debug_macro   0x0003ce02      0xab0 ./Drivers/STM32U5xx_HAL_Driver/Src/stm32u5xx_ll_rcc.o
 .debug_macro   0x0003d8b2      0x378 ./Drivers/STM32U5xx_HAL_Driver/Src/stm32u5xx_ll_rtc.o
 .debug_macro   0x0003dc2a      0x8dd ./Drivers/STM32U5xx_HAL_Driver/Src/stm32u5xx_ll_rtc.o
 .debug_macro   0x0003e507      0x357 ./Drivers/STM32U5xx_HAL_Driver/Src/stm32u5xx_ll_usart.o
 .debug_macro   0x0003e85e      0x441 ./Drivers/STM32U5xx_HAL_Driver/Src/stm32u5xx_ll_usart.o
 .debug_macro   0x0003ec9f      0x2dc ./Drivers/STM32U5xx_HAL_Driver/Src/stm32u5xx_ll_usb.o

.debug_line     0x00000000    0x2fdb9
 .debug_line    0x00000000      0xab3 ./Core/Src/adc.o
 .debug_line    0x00000ab3      0xa45 ./Core/Src/gpdma.o
 .debug_line    0x000014f8      0xce0 ./Core/Src/gpio.o
 .debug_line    0x000021d8      0xacc ./Core/Src/i2c.o
 .debug_line    0x00002ca4      0xa4c ./Core/Src/icache.o
 .debug_line    0x000036f0      0xbe5 ./Core/Src/iwdg.o
 .debug_line    0x000042d5      0xb85 ./Core/Src/main.o
 .debug_line    0x00004e5a      0xb09 ./Core/Src/rtc.o
 .debug_line    0x00005963      0xcb5 ./Core/Src/spi.o
 .debug_line    0x00006618      0xa3d ./Core/Src/stm32u5xx_hal_msp.o
 .debug_line    0x00007055      0x95f ./Core/Src/stm32u5xx_hal_timebase_tim.o
 .debug_line    0x000079b4      0xbdc ./Core/Src/stm32u5xx_it.o
 .debug_line    0x00008590      0x9f6 ./Core/Src/system_stm32u5xx.o
 .debug_line    0x00008f86      0xe2b ./Core/Src/usart.o
 .debug_line    0x00009db1      0xad7 ./Core/Src/usb_otg.o
 .debug_line    0x0000a888       0x79 ./Core/Startup/startup_stm32u575citxq.o
 .debug_line    0x0000a901      0xd73 ./Drivers/STM32U5xx_HAL_Driver/Src/stm32u5xx_hal.o
 .debug_line    0x0000b674     0x28d5 ./Drivers/STM32U5xx_HAL_Driver/Src/stm32u5xx_hal_adc.o
 .debug_line    0x0000df49      0xf65 ./Drivers/STM32U5xx_HAL_Driver/Src/stm32u5xx_hal_cortex.o
 .debug_line    0x0000eeae     0x139f ./Drivers/STM32U5xx_HAL_Driver/Src/stm32u5xx_hal_dma.o
 .debug_line    0x0001024d      0xe84 ./Drivers/STM32U5xx_HAL_Driver/Src/stm32u5xx_hal_gpio.o
 .debug_line    0x000110d1     0x3ed6 ./Drivers/STM32U5xx_HAL_Driver/Src/stm32u5xx_hal_i2c.o
 .debug_line    0x00014fa7      0xc3d ./Drivers/STM32U5xx_HAL_Driver/Src/stm32u5xx_hal_i2c_ex.o
 .debug_line    0x00015be4      0xbda ./Drivers/STM32U5xx_HAL_Driver/Src/stm32u5xx_hal_icache.o
 .debug_line    0x000167be     0x1675 ./Drivers/STM32U5xx_HAL_Driver/Src/stm32u5xx_hal_pcd.o
 .debug_line    0x00017e33      0xb06 ./Drivers/STM32U5xx_HAL_Driver/Src/stm32u5xx_hal_pcd_ex.o
 .debug_line    0x00018939      0xb8e ./Drivers/STM32U5xx_HAL_Driver/Src/stm32u5xx_hal_pwr.o
 .debug_line    0x000194c7     0x126e ./Drivers/STM32U5xx_HAL_Driver/Src/stm32u5xx_hal_pwr_ex.o
 .debug_line    0x0001a735     0x161e ./Drivers/STM32U5xx_HAL_Driver/Src/stm32u5xx_hal_rcc.o
 .debug_line    0x0001bd53     0x23ab ./Drivers/STM32U5xx_HAL_Driver/Src/stm32u5xx_hal_rcc_ex.o
 .debug_line    0x0001e0fe     0x2606 ./Drivers/STM32U5xx_HAL_Driver/Src/stm32u5xx_hal_spi.o
 .debug_line    0x00020704      0xb17 ./Drivers/STM32U5xx_HAL_Driver/Src/stm32u5xx_hal_spi_ex.o
 .debug_line    0x0002121b     0x4670 ./Drivers/STM32U5xx_HAL_Driver/Src/stm32u5xx_hal_tim.o
 .debug_line    0x0002588b     0x2468 ./Drivers/STM32U5xx_HAL_Driver/Src/stm32u5xx_hal_tim_ex.o
 .debug_line    0x00027cf3      0xa6f ./Drivers/STM32U5xx_HAL_Driver/Src/stm32u5xx_ll_exti.o
 .debug_line    0x00028762      0xc3d ./Drivers/STM32U5xx_HAL_Driver/Src/stm32u5xx_ll_gpio.o
 .debug_line    0x0002939f      0xa95 ./Drivers/STM32U5xx_HAL_Driver/Src/stm32u5xx_ll_lpuart.o
 .debug_line    0x00029e34     0x2486 ./Drivers/STM32U5xx_HAL_Driver/Src/stm32u5xx_ll_rcc.o
 .debug_line    0x0002c2ba     0x1088 ./Drivers/STM32U5xx_HAL_Driver/Src/stm32u5xx_ll_rtc.o
 .debug_line    0x0002d342      0xb71 ./Drivers/STM32U5xx_HAL_Driver/Src/stm32u5xx_ll_usart.o
 .debug_line    0x0002deb3     0x1f06 ./Drivers/STM32U5xx_HAL_Driver/Src/stm32u5xx_ll_usb.o

.debug_str      0x00000000   0x1779d9
 .debug_str     0x00000000   0x167208 ./Core/Src/adc.o
                             0x16a7b3 (size before relaxing)
 .debug_str     0x00167208      0x70d ./Core/Src/gpdma.o
                             0x16a42d (size before relaxing)
 .debug_str     0x00167915      0x36b ./Core/Src/gpio.o
                             0x16a820 (size before relaxing)
 .debug_str     0x00167c80      0x2df ./Core/Src/i2c.o
                             0x16a7bb (size before relaxing)
 .debug_str     0x00167f5f       0x67 ./Core/Src/icache.o
                             0x169b3d (size before relaxing)
 .debug_str     0x00167fc6       0xc6 ./Core/Src/iwdg.o
                             0x16a4c6 (size before relaxing)
 .debug_str     0x0016808c      0x5be ./Core/Src/main.o
                             0x16a7a3 (size before relaxing)
 .debug_str     0x0016864a      0x29f ./Core/Src/rtc.o
                             0x16a373 (size before relaxing)
 .debug_str     0x001688e9      0x439 ./Core/Src/spi.o
                             0x16b10e (size before relaxing)
 .debug_str     0x00168d22       0x2c ./Core/Src/stm32u5xx_hal_msp.o
                             0x169cf8 (size before relaxing)