../Drivers/STM32U5xx_HAL_Driver/Inc/stm32u5xx_ll_rtc.h:1026:22:LL_RTC_SetHourFormat	16	static
../Drivers/STM32U5xx_HAL_Driver/Inc/stm32u5xx_ll_rtc.h:1039:26:LL_RTC_GetHourFormat	16	static
../Drivers/STM32U5xx_HAL_Driver/Inc/stm32u5xx_ll_rtc.h:1112:22:LL_RTC_EnableInitMode	16	static
../Drivers/STM32U5xx_HAL_Driver/Inc/stm32u5xx_ll_rtc.h:1124:22:LL_RTC_DisableInitMode	16	static
../Drivers/STM32U5xx_HAL_Driver/Inc/stm32u5xx_ll_rtc.h:1262:26:LL_RTC_IsShadowRegBypassEnabled	16	static
../Drivers/STM32U5xx_HAL_Driver/Inc/stm32u5xx_ll_rtc.h:1300:22:LL_RTC_SetAsynchPrescaler	16	static
../Drivers/STM32U5xx_HAL_Driver/Inc/stm32u5xx_ll_rtc.h:1312:22:LL_RTC_SetSynchPrescaler	16	static
../Drivers/STM32U5xx_HAL_Driver/Inc/stm32u5xx_ll_rtc.h:1345:22:LL_RTC_EnableWriteProtection	16	static
../Drivers/STM32U5xx_HAL_Driver/Inc/stm32u5xx_ll_rtc.h:1356:22:LL_RTC_DisableWriteProtection	16	static
../Drivers/STM32U5xx_HAL_Driver/Inc/stm32u5xx_ll_rtc.h:1633:22:LL_RTC_TIME_Config	32	static
../Drivers/STM32U5xx_HAL_Driver/Inc/stm32u5xx_ll_rtc.h:1966:22:LL_RTC_DATE_Config	32	static
../Drivers/STM32U5xx_HAL_Driver/Inc/stm32u5xx_ll_rtc.h:2055:22:LL_RTC_ALMA_SetMask	16	static
../Drivers/STM32U5xx_HAL_Driver/Inc/stm32u5xx_ll_rtc.h:2086:22:LL_RTC_ALMA_EnableWeekday	16	static
../Drivers/STM32U5xx_HAL_Driver/Inc/stm32u5xx_ll_rtc.h:2097:22:LL_RTC_ALMA_DisableWeekday	16	static
../Drivers/STM32U5xx_HAL_Driver/Inc/stm32u5xx_ll_rtc.h:2111:22:LL_RTC_ALMA_SetDay	16	static
../Drivers/STM32U5xx_HAL_Driver/Inc/stm32u5xx_ll_rtc.h:2144:22:LL_RTC_ALMA_SetWeekDay	16	static
../Drivers/STM32U5xx_HAL_Driver/Inc/stm32u5xx_ll_rtc.h:2296:22:LL_RTC_ALMA_ConfigTime	32	static
../Drivers/STM32U5xx_HAL_Driver/Inc/stm32u5xx_ll_rtc.h:2457:22:LL_RTC_ALMB_SetMask	16	static
../Drivers/STM32U5xx_HAL_Driver/Inc/stm32u5xx_ll_rtc.h:2488:22:LL_RTC_ALMB_EnableWeekday	16	static
../Drivers/STM32U5xx_HAL_Driver/Inc/stm32u5xx_ll_rtc.h:2499:22:LL_RTC_ALMB_DisableWeekday	16	static
../Drivers/STM32U5xx_HAL_Driver/Inc/stm32u5xx_ll_rtc.h:2513:22:LL_RTC_ALMB_SetDay	16	static
../Drivers/STM32U5xx_HAL_Driver/Inc/stm32u5xx_ll_rtc.h:2546:22:LL_RTC_ALMB_SetWeekDay	16	static
../Drivers/STM32U5xx_HAL_Driver/Inc/stm32u5xx_ll_rtc.h:2698:22:LL_RTC_ALMB_ConfigTime	32	static
../Drivers/STM32U5xx_HAL_Driver/Inc/stm32u5xx_ll_rtc.h:4123:26:LL_RTC_IsActiveFlag_INIT	16	static
../Drivers/STM32U5xx_HAL_Driver/Inc/stm32u5xx_ll_rtc.h:4134:26:LL_RTC_IsActiveFlag_RS	16	static
../Drivers/STM32U5xx_HAL_Driver/Inc/stm32u5xx_ll_rtc.h:4145:22:LL_RTC_ClearFlag_RS	16	static
../Drivers/STM32U5xx_HAL_Driver/Inc/stm32u5xx_ll_cortex.h:227:26:LL_SYSTICK_IsActiveCounterFlag	4	static
../Drivers/STM32U5xx_HAL_Driver/Src/stm32u5xx_ll_rtc.c:148:13:LL_RTC_DeInit	24	static
../Drivers/STM32U5xx_HAL_Driver/Src/stm32u5xx_ll_rtc.c:216:13:LL_RTC_Init	24	static
../Drivers/STM32U5xx_HAL_Driver/Src/stm32u5xx_ll_rtc.c:255:6:LL_RTC_StructInit	16	static
../Drivers/STM32U5xx_HAL_Driver/Src/stm32u5xx_ll_rtc.c:275:13:LL_RTC_TIME_Init	56	static
../Drivers/STM32U5xx_HAL_Driver/Src/stm32u5xx_ll_rtc.c:357:6:LL_RTC_TIME_StructInit	16	static
../Drivers/STM32U5xx_HAL_Driver/Src/stm32u5xx_ll_rtc.c:378:13:LL_RTC_DATE_Init	56	static
../Drivers/STM32U5xx_HAL_Driver/Src/stm32u5xx_ll_rtc.c:447:6:LL_RTC_DATE_StructInit	16	static
../Drivers/STM32U5xx_HAL_Driver/Src/stm32u5xx_ll_rtc.c:470:13:LL_RTC_ALMA_Init	48	static
../Drivers/STM32U5xx_HAL_Driver/Src/stm32u5xx_ll_rtc.c:588:13:LL_RTC_ALMB_Init	48	static
../Drivers/STM32U5xx_HAL_Driver/Src/stm32u5xx_ll_rtc.c:698:6:LL_RTC_ALMA_StructInit	16	static
../Drivers/STM32U5xx_HAL_Driver/Src/stm32u5xx_ll_rtc.c:720:6:LL_RTC_ALMB_StructInit	16	static
../Drivers/STM32U5xx_HAL_Driver/Src/stm32u5xx_ll_rtc.c:745:13:LL_RTC_EnterInitMode	32	static
../Drivers/STM32U5xx_HAL_Driver/Src/stm32u5xx_ll_rtc.c:789:13:LL_RTC_ExitInitMode	16	static
../Drivers/STM32U5xx_HAL_Driver/Src/stm32u5xx_ll_rtc.c:816:13:LL_RTC_WaitForSynchro	32	static
