../Drivers/STM32U5xx_HAL_Driver/Inc/stm32u5xx_ll_rcc.h:1488:22:LL_RCC_HSE_DisableBypass	4	static
../Drivers/STM32U5xx_HAL_Driver/Inc/stm32u5xx_ll_rcc.h:1518:26:LL_RCC_HSE_IsReady	4	static
../Drivers/STM32U5xx_HAL_Driver/Inc/stm32u5xx_ll_rcc.h:1613:26:LL_RCC_HSI_IsReady	4	static
../Drivers/STM32U5xx_HAL_Driver/Inc/stm32u5xx_ll_rcc.h:1639:22:LL_RCC_HSI_SetCalibTrimming	16	static
../Drivers/STM32U5xx_HAL_Driver/Inc/stm32u5xx_ll_rcc.h:1687:26:LL_RCC_HSI48_IsReady	4	static
../Drivers/STM32U5xx_HAL_Driver/Inc/stm32u5xx_ll_rcc.h:1807:26:LL_RCC_LSE_IsReady	4	static
../Drivers/STM32U5xx_HAL_Driver/Inc/stm32u5xx_ll_rcc.h:1928:26:LL_RCC_LSI_IsReady	4	static
../Drivers/STM32U5xx_HAL_Driver/Inc/stm32u5xx_ll_rcc.h:1991:26:LL_RCC_MSIK_IsReady	4	static
../Drivers/STM32U5xx_HAL_Driver/Inc/stm32u5xx_ll_rcc.h:2050:22:LL_RCC_MSIS_Enable	4	static
../Drivers/STM32U5xx_HAL_Driver/Inc/stm32u5xx_ll_rcc.h:2072:26:LL_RCC_MSIS_IsReady	4	static
../Drivers/STM32U5xx_HAL_Driver/Inc/stm32u5xx_ll_rcc.h:2245:26:LL_RCC_MSI_IsEnabledRangeSelect	4	static
../Drivers/STM32U5xx_HAL_Driver/Inc/stm32u5xx_ll_rcc.h:2272:22:LL_RCC_MSIS_SetRange	16	static
../Drivers/STM32U5xx_HAL_Driver/Inc/stm32u5xx_ll_rcc.h:2299:26:LL_RCC_MSIS_GetRange	4	static
../Drivers/STM32U5xx_HAL_Driver/Inc/stm32u5xx_ll_rcc.h:2332:26:LL_RCC_MSIS_GetRangeAfterStandby	4	static
../Drivers/STM32U5xx_HAL_Driver/Inc/stm32u5xx_ll_rcc.h:2350:22:LL_RCC_MSI_SetCalibTrimming	16	static
../Drivers/STM32U5xx_HAL_Driver/Inc/stm32u5xx_ll_rcc.h:2444:26:LL_RCC_MSIK_GetRange	4	static
../Drivers/STM32U5xx_HAL_Driver/Inc/stm32u5xx_ll_rcc.h:2475:26:LL_RCC_MSIK_GetRangeAfterStandby	4	static
../Drivers/STM32U5xx_HAL_Driver/Inc/stm32u5xx_ll_rcc.h:2564:26:LL_RCC_GetSysClkSource	4	static
../Drivers/STM32U5xx_HAL_Driver/Inc/stm32u5xx_ll_rcc.h:2683:26:LL_RCC_GetAHBPrescaler	4	static
../Drivers/STM32U5xx_HAL_Driver/Inc/stm32u5xx_ll_rcc.h:2711:26:LL_RCC_GetAPB1Prescaler	4	static
../Drivers/STM32U5xx_HAL_Driver/Inc/stm32u5xx_ll_rcc.h:2726:26:LL_RCC_GetAPB2Prescaler	4	static
../Drivers/STM32U5xx_HAL_Driver/Inc/stm32u5xx_ll_rcc.h:2741:26:LL_RCC_GetAPB3Prescaler	4	static
../Drivers/STM32U5xx_HAL_Driver/Inc/stm32u5xx_ll_rcc.h:3299:26:LL_RCC_GetUSARTClockSource	24	static
../Drivers/STM32U5xx_HAL_Driver/Inc/stm32u5xx_ll_rcc.h:3323:26:LL_RCC_GetUARTClockSource	16	static
../Drivers/STM32U5xx_HAL_Driver/Inc/stm32u5xx_ll_rcc.h:3339:26:LL_RCC_GetLPUARTClockSource	16	static
../Drivers/STM32U5xx_HAL_Driver/Inc/stm32u5xx_ll_rcc.h:3369:26:LL_RCC_GetI2CClockSource	24	static
../Drivers/STM32U5xx_HAL_Driver/Inc/stm32u5xx_ll_rcc.h:3399:26:LL_RCC_GetSPIClockSource	24	static
../Drivers/STM32U5xx_HAL_Driver/Inc/stm32u5xx_ll_rcc.h:3429:26:LL_RCC_GetLPTIMClockSource	24	static
../Drivers/STM32U5xx_HAL_Driver/Inc/stm32u5xx_ll_rcc.h:3483:26:LL_RCC_GetFDCANClockSource	16	static
../Drivers/STM32U5xx_HAL_Driver/Inc/stm32u5xx_ll_rcc.h:3509:26:LL_RCC_GetSAIClockSource	16	static
../Drivers/STM32U5xx_HAL_Driver/Inc/stm32u5xx_ll_rcc.h:3523:26:LL_RCC_GetSDMMCKernelClockSource	16	static
../Drivers/STM32U5xx_HAL_Driver/Inc/stm32u5xx_ll_rcc.h:3539:26:LL_RCC_GetSDMMCClockSource	16	static
../Drivers/STM32U5xx_HAL_Driver/Inc/stm32u5xx_ll_rcc.h:3554:26:LL_RCC_GetRNGClockSource	16	static
../Drivers/STM32U5xx_HAL_Driver/Inc/stm32u5xx_ll_rcc.h:3588:26:LL_RCC_GetUSBClockSource	16	static
../Drivers/STM32U5xx_HAL_Driver/Inc/stm32u5xx_ll_rcc.h:3605:26:LL_RCC_GetADCDACClockSource	16	static
../Drivers/STM32U5xx_HAL_Driver/Inc/stm32u5xx_ll_rcc.h:3622:26:LL_RCC_GetADF1ClockSource	16	static
../Drivers/STM32U5xx_HAL_Driver/Inc/stm32u5xx_ll_rcc.h:3636:26:LL_RCC_GetDAC1ClockSource	16	static
../Drivers/STM32U5xx_HAL_Driver/Inc/stm32u5xx_ll_rcc.h:3653:26:LL_RCC_GetMDF1ClockSource	16	static
../Drivers/STM32U5xx_HAL_Driver/Inc/stm32u5xx_ll_rcc.h:3669:26:LL_RCC_GetOCTOSPIClockSource	16	static
../Drivers/STM32U5xx_HAL_Driver/Inc/stm32u5xx_ll_rcc.h:3866:26:LL_RCC_PLL1_IsReady	4	static
../Drivers/STM32U5xx_HAL_Driver/Inc/stm32u5xx_ll_rcc.h:3981:26:LL_RCC_PLL1_GetMainSource	4	static
../Drivers/STM32U5xx_HAL_Driver/Inc/stm32u5xx_ll_rcc.h:4003:26:LL_RCC_PLL1_GetN	4	static
../Drivers/STM32U5xx_HAL_Driver/Inc/stm32u5xx_ll_rcc.h:4027:26:LL_RCC_PLL1_GetP	4	static
../Drivers/STM32U5xx_HAL_Driver/Inc/stm32u5xx_ll_rcc.h:4051:26:LL_RCC_PLL1_GetQ	4	static
../Drivers/STM32U5xx_HAL_Driver/Inc/stm32u5xx_ll_rcc.h:4075:26:LL_RCC_PLL1_GetR	4	static
../Drivers/STM32U5xx_HAL_Driver/Inc/stm32u5xx_ll_rcc.h:4097:26:LL_RCC_PLL1_GetDivider	4	static
../Drivers/STM32U5xx_HAL_Driver/Inc/stm32u5xx_ll_rcc.h:4134:26:LL_RCC_PLL1_IsEnabledDomain_SAI	4	static
../Drivers/STM32U5xx_HAL_Driver/Inc/stm32u5xx_ll_rcc.h:4170:26:LL_RCC_PLL1_IsEnabledDomain_48M	4	static
../Drivers/STM32U5xx_HAL_Driver/Inc/stm32u5xx_ll_rcc.h:4354:26:LL_RCC_PLL2_IsReady	4	static
../Drivers/STM32U5xx_HAL_Driver/Inc/stm32u5xx_ll_rcc.h:4464:26:LL_RCC_PLL2_GetSource	4	static
../Drivers/STM32U5xx_HAL_Driver/Inc/stm32u5xx_ll_rcc.h:4484:26:LL_RCC_PLL2_GetN	4	static
../Drivers/STM32U5xx_HAL_Driver/Inc/stm32u5xx_ll_rcc.h:4507:26:LL_RCC_PLL2_GetP	4	static
../Drivers/STM32U5xx_HAL_Driver/Inc/stm32u5xx_ll_rcc.h:4530:26:LL_RCC_PLL2_GetQ	4	static
../Drivers/STM32U5xx_HAL_Driver/Inc/stm32u5xx_ll_rcc.h:4552:26:LL_RCC_PLL2_GetR	4	static
../Drivers/STM32U5xx_HAL_Driver/Inc/stm32u5xx_ll_rcc.h:4572:26:LL_RCC_PLL2_GetDivider	4	static
../Drivers/STM32U5xx_HAL_Driver/Inc/stm32u5xx_ll_rcc.h:4604:26:LL_RCC_PLL2_IsEnabledDomain_SAI	4	static
../Drivers/STM32U5xx_HAL_Driver/Inc/stm32u5xx_ll_rcc.h:4636:26:LL_RCC_PLL2_IsEnabledDomain_48M	4	static
../Drivers/STM32U5xx_HAL_Driver/Inc/stm32u5xx_ll_rcc.h:4668:26:LL_RCC_PLL2_IsEnabledDomain_ADC	4	static
../Drivers/STM32U5xx_HAL_Driver/Inc/stm32u5xx_ll_rcc.h:4770:26:LL_RCC_PLL3_IsReady	4	static
../Drivers/STM32U5xx_HAL_Driver/Inc/stm32u5xx_ll_rcc.h:4886:26:LL_RCC_PLL3_GetSource	4	static
../Drivers/STM32U5xx_HAL_Driver/Inc/stm32u5xx_ll_rcc.h:4906:26:LL_RCC_PLL3_GetN	4	static
../Drivers/STM32U5xx_HAL_Driver/Inc/stm32u5xx_ll_rcc.h:4929:26:LL_RCC_PLL3_GetP	4	static
../Drivers/STM32U5xx_HAL_Driver/Inc/stm32u5xx_ll_rcc.h:4952:26:LL_RCC_PLL3_GetQ	4	static
../Drivers/STM32U5xx_HAL_Driver/Inc/stm32u5xx_ll_rcc.h:4994:26:LL_RCC_PLL3_GetDivider	4	static
../Drivers/STM32U5xx_HAL_Driver/Inc/stm32u5xx_ll_rcc.h:5026:26:LL_RCC_PLL3_IsEnabledDomain_SAI	4	static
../Drivers/STM32U5xx_HAL_Driver/Inc/stm32u5xx_ll_rcc.h:5058:26:LL_RCC_PLL3_IsEnabledDomain_48M	4	static
../Drivers/STM32U5xx_HAL_Driver/Inc/stm32u5xx_ll_rcc.h:5616:22:LL_RCC_ClearResetFlags	4	static
../Drivers/STM32U5xx_HAL_Driver/Src/stm32u5xx_ll_rcc.c:177:13:LL_RCC_DeInit	16	static
../Drivers/STM32U5xx_HAL_Driver/Src/stm32u5xx_ll_rcc.c:286:6:LL_RCC_GetSystemClocksFreq	16	static
../Drivers/STM32U5xx_HAL_Driver/Src/stm32u5xx_ll_rcc.c:316:10:LL_RCC_GetUSARTClockFreq	24	static
../Drivers/STM32U5xx_HAL_Driver/Src/stm32u5xx_ll_rcc.c:471:10:LL_RCC_GetUARTClockFreq	24	static
../Drivers/STM32U5xx_HAL_Driver/Src/stm32u5xx_ll_rcc.c:559:10:LL_RCC_GetSPIClockFreq	24	static
../Drivers/STM32U5xx_HAL_Driver/Src/stm32u5xx_ll_rcc.c:681:10:LL_RCC_GetI2CClockFreq	24	static
../Drivers/STM32U5xx_HAL_Driver/Src/stm32u5xx_ll_rcc.c:894:10:LL_RCC_GetLPUARTClockFreq	24	static
../Drivers/STM32U5xx_HAL_Driver/Src/stm32u5xx_ll_rcc.c:943:10:LL_RCC_GetLPTIMClockFreq	24	static
../Drivers/STM32U5xx_HAL_Driver/Src/stm32u5xx_ll_rcc.c:1098:10:LL_RCC_GetSAIClockFreq	24	static
../Drivers/STM32U5xx_HAL_Driver/Src/stm32u5xx_ll_rcc.c:1210:10:LL_RCC_GetSDMMCKernelClockFreq	24	static
../Drivers/STM32U5xx_HAL_Driver/Src/stm32u5xx_ll_rcc.c:1249:10:LL_RCC_GetSDMMCClockFreq	24	static
../Drivers/STM32U5xx_HAL_Driver/Src/stm32u5xx_ll_rcc.c:1311:10:LL_RCC_GetRNGClockFreq	24	static
../Drivers/STM32U5xx_HAL_Driver/Src/stm32u5xx_ll_rcc.c:1358:10:LL_RCC_GetUSBClockFreq	24	static
../Drivers/STM32U5xx_HAL_Driver/Src/stm32u5xx_ll_rcc.c:1420:10:LL_RCC_GetADCDACClockFreq	24	static
../Drivers/STM32U5xx_HAL_Driver/Src/stm32u5xx_ll_rcc.c:1487:10:LL_RCC_GetADF1ClockFreq	24	static
../Drivers/STM32U5xx_HAL_Driver/Src/stm32u5xx_ll_rcc.c:1547:10:LL_RCC_GetMDF1ClockFreq	24	static
../Drivers/STM32U5xx_HAL_Driver/Src/stm32u5xx_ll_rcc.c:1607:10:LL_RCC_GetDAC1ClockFreq	24	static
../Drivers/STM32U5xx_HAL_Driver/Src/stm32u5xx_ll_rcc.c:1640:10:LL_RCC_GetOCTOSPIClockFreq	24	static
../Drivers/STM32U5xx_HAL_Driver/Src/stm32u5xx_ll_rcc.c:1740:10:LL_RCC_GetFDCANClockFreq	24	static
../Drivers/STM32U5xx_HAL_Driver/Src/stm32u5xx_ll_rcc.c:1939:17:RCC_GetSystemClockFreq	16	static
../Drivers/STM32U5xx_HAL_Driver/Src/stm32u5xx_ll_rcc.c:1981:17:RCC_GetHCLKClockFreq	16	static
../Drivers/STM32U5xx_HAL_Driver/Src/stm32u5xx_ll_rcc.c:1992:17:RCC_GetPCLK1ClockFreq	16	static
../Drivers/STM32U5xx_HAL_Driver/Src/stm32u5xx_ll_rcc.c:2003:17:RCC_GetPCLK2ClockFreq	16	static
../Drivers/STM32U5xx_HAL_Driver/Src/stm32u5xx_ll_rcc.c:2015:17:RCC_GetPCLK3ClockFreq	16	static
../Drivers/STM32U5xx_HAL_Driver/Src/stm32u5xx_ll_rcc.c:2025:17:RCC_PLL1_GetFreqDomain_SYS	24	static
../Drivers/STM32U5xx_HAL_Driver/Src/stm32u5xx_ll_rcc.c:2066:17:RCC_PLL1_GetFreqDomain_SAI	32	static
../Drivers/STM32U5xx_HAL_Driver/Src/stm32u5xx_ll_rcc.c:2122:17:RCC_PLL1_GetFreqDomain_48M	24	static
../Drivers/STM32U5xx_HAL_Driver/Src/stm32u5xx_ll_rcc.c:2164:17:RCC_PLL2_GetFreqDomain_SAI	32	static
../Drivers/STM32U5xx_HAL_Driver/Src/stm32u5xx_ll_rcc.c:2219:17:RCC_PLL2_GetFreqDomain_48M	24	static
../Drivers/STM32U5xx_HAL_Driver/Src/stm32u5xx_ll_rcc.c:2260:17:RCC_PLL2_GetFreqDomain_ADC	24	static
../Drivers/STM32U5xx_HAL_Driver/Src/stm32u5xx_ll_rcc.c:2301:17:RCC_PLL3_GetFreqDomain_SAI	32	static
../Drivers/STM32U5xx_HAL_Driver/Src/stm32u5xx_ll_rcc.c:2360:17:RCC_PLL3_GetFreqDomain_48M	24	static
